******************************************************************************
             TMS320C2000 Linker PC v6.2.0                      
******************************************************************************
>> Linked Thu Nov 06 18:19:48 2014

OUTPUT FILE NAME:   <VANT-UFMG.out>
ENTRY POINT SYMBOL: "_c_int00"  address: 0033c007


MEMORY CONFIGURATION

         name            origin    length      used     unused   attr    fill
----------------------  --------  ---------  --------  --------  ----  --------
PAGE 0:
  ZONE0                 00004000   00001000  00000000  00001000  RWIX
  RAML0                 00008000   00001000  0000001f  00000fe1  RWIX
  RAML1                 00009000   00001000  00000000  00001000  RWIX
  RAML2                 0000a000   00001000  00000000  00001000  RWIX
  RAML3                 0000b000   00001000  00000000  00001000  RWIX
  ZONE6                 00100000   00100000  00000000  00100000  RWIX
  ZONE7A                00200000   0000fc00  00000000  0000fc00  RWIX
  FLASHH                00300000   00008000  00000000  00008000  RWIX
  FLASHG                00308000   00008000  00000000  00008000  RWIX
  FLASHF                00310000   00008000  00000000  00008000  RWIX
  FLASHE                00318000   00008000  00000000  00008000  RWIX
  FLASHD                00320000   00008000  0000001f  00007fe1  RWIX
  FLASHC                00328000   00008000  00000000  00008000  RWIX
  FLASHA                00338000   00007f80  0000455e  00003a22  RWIX
  CSM_RSVD              0033ff80   00000076  00000076  00000000  RWIX
  BEGIN                 0033fff6   00000002  00000002  00000000  RWIX
  CSM_PWL               0033fff8   00000008  00000008  00000000  RWIX
  ADC_CAL               00380080   00000009  00000007  00000002  RWIX
  OTP                   00380400   00000400  00000000  00000400  RWIX
  IQTABLES              003fe000   00000b50  00000000  00000b50  RWIX
  IQTABLES2             003feb50   0000008c  00000000  0000008c  RWIX
  FPUTABLES             003febdc   000006a0  00000000  000006a0  RWIX
  ROM                   003ff27c   00000d44  00000000  00000d44  RWIX
  RESET                 003fffc0   00000002  00000000  00000002  RWIX
  VECTORS               003fffc2   0000003e  00000000  0000003e  RWIX

PAGE 1:
  BOOT_RSVD             00000000   00000050  00000000  00000050  RWIX
  RAMM0                 00000050   000003b0  00000000  000003b0  RWIX
  RAMM1                 00000400   00000400  00000000  00000400  RWIX
  DEV_EMU               00000880   00000180  000000d0  000000b0  RWIX
  FLASH_REGS            00000a80   00000060  00000008  00000058  RWIX
  CSM                   00000ae0   00000010  00000010  00000000  RWIX
  ADC_MIRROR            00000b00   00000010  00000010  00000000  RWIX
  XINTF                 00000b20   00000020  0000001e  00000002  RWIX
  CPU_TIMER0            00000c00   00000008  00000008  00000000  RWIX
  CPU_TIMER1            00000c08   00000008  00000008  00000000  RWIX
  CPU_TIMER2            00000c10   00000008  00000008  00000000  RWIX
  PIE_CTRL              00000ce0   00000020  0000001a  00000006  RWIX
  PIE_VECT              00000d00   00000100  00000100  00000000  RWIX
  DMA                   00001000   00000200  000000e0  00000120  RWIX
  MCBSPA                00005000   00000040  00000025  0000001b  RWIX
  MCBSPB                00005040   00000040  00000025  0000001b  RWIX
  ECANA                 00006000   00000040  00000034  0000000c  RWIX
  ECANA_LAM             00006040   00000040  00000040  00000000  RWIX
  ECANA_MOTS            00006080   00000040  00000040  00000000  RWIX
  ECANA_MOTO            000060c0   00000040  00000040  00000000  RWIX
  ECANA_MBOX            00006100   00000100  00000100  00000000  RWIX
  ECANB                 00006200   00000040  00000034  0000000c  RWIX
  ECANB_LAM             00006240   00000040  00000040  00000000  RWIX
  ECANB_MOTS            00006280   00000040  00000040  00000000  RWIX
  ECANB_MOTO            000062c0   00000040  00000040  00000000  RWIX
  ECANB_MBOX            00006300   00000100  00000100  00000000  RWIX
  EPWM1                 00006800   00000022  00000022  00000000  RWIX
  EPWM2                 00006840   00000022  00000022  00000000  RWIX
  EPWM3                 00006880   00000022  00000022  00000000  RWIX
  EPWM4                 000068c0   00000022  00000022  00000000  RWIX
  EPWM5                 00006900   00000022  00000022  00000000  RWIX
  EPWM6                 00006940   00000022  00000022  00000000  RWIX
  ECAP1                 00006a00   00000020  00000020  00000000  RWIX
  ECAP2                 00006a20   00000020  00000020  00000000  RWIX
  ECAP3                 00006a40   00000020  00000020  00000000  RWIX
  ECAP4                 00006a60   00000020  00000020  00000000  RWIX
  ECAP5                 00006a80   00000020  00000020  00000000  RWIX
  ECAP6                 00006aa0   00000020  00000020  00000000  RWIX
  EQEP1                 00006b00   00000040  00000040  00000000  RWIX
  EQEP2                 00006b40   00000040  00000040  00000000  RWIX
  GPIOCTRL              00006f80   00000040  0000002e  00000012  RWIX
  GPIODAT               00006fc0   00000020  00000020  00000000  RWIX
  GPIOINT               00006fe0   00000020  0000000a  00000016  RWIX
  SYSTEM                00007010   00000020  00000020  00000000  RWIX
  SPIA                  00007040   00000010  00000010  00000000  RWIX
  SCIA                  00007050   00000010  00000010  00000000  RWIX
  XINTRUPT              00007070   00000010  00000010  00000000  RWIX
  ADC                   00007100   00000020  0000001e  00000002  RWIX
  SCIB                  00007750   00000010  00000010  00000000  RWIX
  SCIC                  00007770   00000010  00000010  00000000  RWIX
  I2CA                  00007900   00000040  00000022  0000001e  RWIX
  RAML4                 0000c000   00001900  0000121e  000006e2  RWIX
  RAML5                 0000d900   00000700  00000000  00000700  RWIX
  RAML6                 0000e000   00001000  00000300  00000d00  RWIX
  RAML7                 0000f000   00001000  00000000  00001000  RWIX
  ZONE7B                0020fc00   00000400  00000000  00000400  RWIX
  FLASHB                00330000   00008000  00000000  00008000  RWIX
  CSM_PWL               0033fff8   00000008  00000008  00000000  RWIX
  PARTID                00380090   00000001  00000001  00000000  RWIX


SECTION ALLOCATION MAP

 output                                  attributes/
section   page    origin      length       input sections
--------  ----  ----------  ----------   ----------------
.pinit     0    00338000    00000000     UNINITIALIZED

ramfuncs   0    00320000    0000001f     RUN ADDR = 00008000
                  00320000    0000001b     DSP2833x_SysCtrl.obj (ramfuncs)
                  0032001b    00000004     DSP2833x_usDelay.obj (ramfuncs)

.text      0    00338000    00004291     
                  00338000    00000b49     ekf_update.obj (.text)
                  00338b49    00000927     EKF_lib.lib : EKF_Update.obj (.text)
                  00339470    000005b5     ekf_predict.obj (.text)
                  00339a25    0000058f     dsp_ekf.obj (.text)
                  00339fb4    000003f5     DSP2833x_DMA.obj (.text)
                  0033a3a9    0000036d     dsp_gps.obj (.text)
                  0033a716    00000316     DSP2833x_DefaultIsr.obj (.text:retain)
                  0033aa2c    0000023f     dsp_matrix.obj (.text)
                  0033ac6b    000001ed     dsp_isr.obj (.text:retain)
                  0033ae58    000001df     dsp_i2c_adxl345.obj (.text)
                  0033b037    000001ad     dsp_quat.obj (.text)
                  0033b1e4    000001a0     dsp_i2c_bmp085.obj (.text)
                  0033b384    0000016c     DSP2833x_Mcbsp.obj (.text)
                  0033b4f0    00000132     DSP2833x_ECan.obj (.text)
                  0033b622    00000105     dsp_i2c.obj (.text)
                  0033b727    000000f6     DSP2833x_Xintf.obj (.text)
                  0033b81d    000000f3     DSP2833x_SysCtrl.obj (.text)
                  0033b910    000000c8     DSP2833x_EPwm.obj (.text)
                  0033b9d8    000000c8     main.obj (.text)
                  0033baa0    000000a7     rts2800_fpu32.lib : atan2.obj (.text)
                  0033bb47    00000088                       : fs_div.obj (.text)
                  0033bbcf    00000081     dsp_system.obj (.text)
                  0033bc50    00000075     rts2800_fpu32.lib : asin.obj (.text)
                  0033bcc5    00000074     DSP2833x_CpuTimers.obj (.text)
                  0033bd39    0000006f     rts2800_fpu32.lib : atan.obj (.text)
                  0033bda8    00000060     dsp_comm.obj (.text)
                  0033be08    0000005e     rts2800_fpu32.lib : cos.obj (.text)
                  0033be66    0000005c     DSP2833x_ECap.obj (.text)
                  0033bec2    0000005c     rts2800_fpu32.lib : sin.obj (.text)
                  0033bf1e    00000056     DSP2833x_EQep.obj (.text)
                  0033bf74    0000004b     dsp_i2c_itg3200.obj (.text)
                  0033bfbf    00000048     DSP2833x_Sci.obj (.text)
                  0033c007    00000046     rts2800_fpu32.lib : boot.obj (.text)
                  0033c04d    00000042     dsp_i2c_hmc5883.obj (.text)
                  0033c08f    0000003f     dsp_i2c_hsc.obj (.text)
                  0033c0ce    00000031     rts2800_fpu32.lib : atoi.obj (.text)
                  0033c0ff    0000002a     DSP2833x_Spi.obj (.text)
                  0033c129    0000002a     rts2800_fpu32.lib : l_div.obj (.text)
                  0033c153    00000028     DSP2833x_PieCtrl.obj (.text)
                  0033c17b    00000021     rts2800_fpu32.lib : memcpy_ff.obj (.text)
                  0033c19c    00000020     DSP2833x_PieVect.obj (.text)
                  0033c1bc    00000020     rts2800_fpu32.lib : sqrt.obj (.text)
                  0033c1dc    0000001b                       : args_main.obj (.text)
                  0033c1f7    00000019                       : exit.obj (.text)
                  0033c210    00000017     DSP2833x_Gpio.obj (.text)
                  0033c227    00000017     DSP2833x_I2C.obj (.text)
                  0033c23e    00000015     DSP2833x_MemCopy.obj (.text)
                  0033c253    00000014     DSP2833x_Adc.obj (.text)
                  0033c267    0000000a     rts2800_fpu32.lib : strcmp.obj (.text)
                  0033c271    00000009                       : _lock.obj (.text)
                  0033c27a    00000008     DSP2833x_CodeStartBranch.obj (.text)
                  0033c282    00000007     DSP2833x_DisInt.obj (.text)
                  0033c289    00000005     dsp_conversions.obj (.text)
                  0033c28e    00000003     DSP2833x_DBGIER.obj (.text)

.econst    0    0033c292    00000232     
                  0033c292    00000101     rts2800_fpu32.lib : ctype.obj (.econst:__ctypes_)
                  0033c393    00000001     --HOLE-- [fill = 0]
                  0033c394    00000100     DSP2833x_PieVect.obj (.econst)
                  0033c494    0000001c     dsp_gps.obj (.econst:.string)
                  0033c4b0    00000008     rts2800_fpu32.lib : atan.obj (.econst:_a$1)
                  0033c4b8    00000008                       : atan2.obj (.econst:_a$1)
                  0033c4c0    00000004                       : asin.obj (.econst:_c$1)

.cinit     0    0033c4c4    0000009b     
                  0033c4c4    00000041     dsp_i2c_bmp085.obj (.cinit)
                  0033c505    00000014     dsp_gps.obj (.cinit)
                  0033c519    00000010     dsp_isr.obj (.cinit)
                  0033c529    0000000a     rts2800_fpu32.lib : _lock.obj (.cinit)
                  0033c533    0000000a                       : exit.obj (.cinit)
                  0033c53d    00000008     dsp_i2c_adxl345.obj (.cinit)
                  0033c545    00000008     dsp_i2c_hsc.obj (.cinit)
                  0033c54d    00000004     dsp_i2c_hmc5883.obj (.cinit)
                  0033c551    00000004     dsp_i2c_itg3200.obj (.cinit)
                  0033c555    00000004     ekf_update.obj (.cinit)
                  0033c559    00000004     rts2800_fpu32.lib : errno.obj (.cinit)
                  0033c55d    00000002     --HOLE-- [fill = 0]

csm_rsvd   0    0033ff80    00000076     
                  0033ff80    00000076     DSP2833x_CSMPasswords.obj (csm_rsvd)

codestart 
*          0    0033fff6    00000002     
                  0033fff6    00000002     DSP2833x_CodeStartBranch.obj (codestart)

csmpasswds 
*          0    0033fff8    00000008     
                  0033fff8    00000008     DSP2833x_CSMPasswords.obj (csmpasswds)

.adc_cal   0    00380080    00000007     NOLOAD SECTION
                  00380080    00000007     DSP2833x_ADC_cal.obj (.adc_cal)

.reset     0    003fffc0    00000002     DSECT
                  003fffc0    00000002     rts2800_fpu32.lib : boot.obj (.reset)

vectors    0    003fffc2    00000000     DSECT

DevEmuRegsFile 
*          1    00000880    000000d0     UNINITIALIZED
                  00000880    000000d0     DSP2833x_GlobalVariableDefs.obj (DevEmuRegsFile)

FlashRegsFile 
*          1    00000a80    00000008     UNINITIALIZED
                  00000a80    00000008     DSP2833x_GlobalVariableDefs.obj (FlashRegsFile)

CsmRegsFile 
*          1    00000ae0    00000010     UNINITIALIZED
                  00000ae0    00000010     DSP2833x_GlobalVariableDefs.obj (CsmRegsFile)

AdcMirrorFile 
*          1    00000b00    00000010     UNINITIALIZED
                  00000b00    00000010     DSP2833x_GlobalVariableDefs.obj (AdcMirrorFile)

XintfRegsFile 
*          1    00000b20    0000001e     UNINITIALIZED
                  00000b20    0000001e     DSP2833x_GlobalVariableDefs.obj (XintfRegsFile)

CpuTimer0RegsFile 
*          1    00000c00    00000008     UNINITIALIZED
                  00000c00    00000008     DSP2833x_GlobalVariableDefs.obj (CpuTimer0RegsFile)

CpuTimer1RegsFile 
*          1    00000c08    00000008     UNINITIALIZED
                  00000c08    00000008     DSP2833x_GlobalVariableDefs.obj (CpuTimer1RegsFile)

CpuTimer2RegsFile 
*          1    00000c10    00000008     UNINITIALIZED
                  00000c10    00000008     DSP2833x_GlobalVariableDefs.obj (CpuTimer2RegsFile)

PieCtrlRegsFile 
*          1    00000ce0    0000001a     UNINITIALIZED
                  00000ce0    0000001a     DSP2833x_GlobalVariableDefs.obj (PieCtrlRegsFile)

PieVectTableFile 
*          1    00000d00    00000100     UNINITIALIZED
                  00000d00    00000100     DSP2833x_GlobalVariableDefs.obj (PieVectTableFile)

DmaRegsFile 
*          1    00001000    000000e0     UNINITIALIZED
                  00001000    000000e0     DSP2833x_GlobalVariableDefs.obj (DmaRegsFile)

McbspaRegsFile 
*          1    00005000    00000025     UNINITIALIZED
                  00005000    00000025     DSP2833x_GlobalVariableDefs.obj (McbspaRegsFile)

McbspbRegsFile 
*          1    00005040    00000025     UNINITIALIZED
                  00005040    00000025     DSP2833x_GlobalVariableDefs.obj (McbspbRegsFile)

ECanaRegsFile 
*          1    00006000    00000034     UNINITIALIZED
                  00006000    00000034     DSP2833x_GlobalVariableDefs.obj (ECanaRegsFile)

ECanaLAMRegsFile 
*          1    00006040    00000040     UNINITIALIZED
                  00006040    00000040     DSP2833x_GlobalVariableDefs.obj (ECanaLAMRegsFile)

ECanaMOTSRegsFile 
*          1    00006080    00000040     UNINITIALIZED
                  00006080    00000040     DSP2833x_GlobalVariableDefs.obj (ECanaMOTSRegsFile)

ECanaMOTORegsFile 
*          1    000060c0    00000040     UNINITIALIZED
                  000060c0    00000040     DSP2833x_GlobalVariableDefs.obj (ECanaMOTORegsFile)

ECanaMboxesFile 
*          1    00006100    00000100     UNINITIALIZED
                  00006100    00000100     DSP2833x_GlobalVariableDefs.obj (ECanaMboxesFile)

ECanbRegsFile 
*          1    00006200    00000034     UNINITIALIZED
                  00006200    00000034     DSP2833x_GlobalVariableDefs.obj (ECanbRegsFile)

ECanbLAMRegsFile 
*          1    00006240    00000040     UNINITIALIZED
                  00006240    00000040     DSP2833x_GlobalVariableDefs.obj (ECanbLAMRegsFile)

ECanbMOTSRegsFile 
*          1    00006280    00000040     UNINITIALIZED
                  00006280    00000040     DSP2833x_GlobalVariableDefs.obj (ECanbMOTSRegsFile)

ECanbMOTORegsFile 
*          1    000062c0    00000040     UNINITIALIZED
                  000062c0    00000040     DSP2833x_GlobalVariableDefs.obj (ECanbMOTORegsFile)

ECanbMboxesFile 
*          1    00006300    00000100     UNINITIALIZED
                  00006300    00000100     DSP2833x_GlobalVariableDefs.obj (ECanbMboxesFile)

EPwm1RegsFile 
*          1    00006800    00000022     UNINITIALIZED
                  00006800    00000022     DSP2833x_GlobalVariableDefs.obj (EPwm1RegsFile)

EPwm2RegsFile 
*          1    00006840    00000022     UNINITIALIZED
                  00006840    00000022     DSP2833x_GlobalVariableDefs.obj (EPwm2RegsFile)

EPwm3RegsFile 
*          1    00006880    00000022     UNINITIALIZED
                  00006880    00000022     DSP2833x_GlobalVariableDefs.obj (EPwm3RegsFile)

EPwm4RegsFile 
*          1    000068c0    00000022     UNINITIALIZED
                  000068c0    00000022     DSP2833x_GlobalVariableDefs.obj (EPwm4RegsFile)

EPwm5RegsFile 
*          1    00006900    00000022     UNINITIALIZED
                  00006900    00000022     DSP2833x_GlobalVariableDefs.obj (EPwm5RegsFile)

EPwm6RegsFile 
*          1    00006940    00000022     UNINITIALIZED
                  00006940    00000022     DSP2833x_GlobalVariableDefs.obj (EPwm6RegsFile)

ECap1RegsFile 
*          1    00006a00    00000020     UNINITIALIZED
                  00006a00    00000020     DSP2833x_GlobalVariableDefs.obj (ECap1RegsFile)

ECap2RegsFile 
*          1    00006a20    00000020     UNINITIALIZED
                  00006a20    00000020     DSP2833x_GlobalVariableDefs.obj (ECap2RegsFile)

ECap3RegsFile 
*          1    00006a40    00000020     UNINITIALIZED
                  00006a40    00000020     DSP2833x_GlobalVariableDefs.obj (ECap3RegsFile)

ECap4RegsFile 
*          1    00006a60    00000020     UNINITIALIZED
                  00006a60    00000020     DSP2833x_GlobalVariableDefs.obj (ECap4RegsFile)

ECap5RegsFile 
*          1    00006a80    00000020     UNINITIALIZED
                  00006a80    00000020     DSP2833x_GlobalVariableDefs.obj (ECap5RegsFile)

ECap6RegsFile 
*          1    00006aa0    00000020     UNINITIALIZED
                  00006aa0    00000020     DSP2833x_GlobalVariableDefs.obj (ECap6RegsFile)

EQep1RegsFile 
*          1    00006b00    00000040     UNINITIALIZED
                  00006b00    00000040     DSP2833x_GlobalVariableDefs.obj (EQep1RegsFile)

EQep2RegsFile 
*          1    00006b40    00000040     UNINITIALIZED
                  00006b40    00000040     DSP2833x_GlobalVariableDefs.obj (EQep2RegsFile)

GpioCtrlRegsFile 
*          1    00006f80    0000002e     UNINITIALIZED
                  00006f80    0000002e     DSP2833x_GlobalVariableDefs.obj (GpioCtrlRegsFile)

GpioDataRegsFile 
*          1    00006fc0    00000020     UNINITIALIZED
                  00006fc0    00000020     DSP2833x_GlobalVariableDefs.obj (GpioDataRegsFile)

GpioIntRegsFile 
*          1    00006fe0    0000000a     UNINITIALIZED
                  00006fe0    0000000a     DSP2833x_GlobalVariableDefs.obj (GpioIntRegsFile)

SysCtrlRegsFile 
*          1    00007010    00000020     UNINITIALIZED
                  00007010    00000020     DSP2833x_GlobalVariableDefs.obj (SysCtrlRegsFile)

SpiaRegsFile 
*          1    00007040    00000010     UNINITIALIZED
                  00007040    00000010     DSP2833x_GlobalVariableDefs.obj (SpiaRegsFile)

SciaRegsFile 
*          1    00007050    00000010     UNINITIALIZED
                  00007050    00000010     DSP2833x_GlobalVariableDefs.obj (SciaRegsFile)

XIntruptRegsFile 
*          1    00007070    00000010     UNINITIALIZED
                  00007070    00000010     DSP2833x_GlobalVariableDefs.obj (XIntruptRegsFile)

AdcRegsFile 
*          1    00007100    0000001e     UNINITIALIZED
                  00007100    0000001e     DSP2833x_GlobalVariableDefs.obj (AdcRegsFile)

ScibRegsFile 
*          1    00007750    00000010     UNINITIALIZED
                  00007750    00000010     DSP2833x_GlobalVariableDefs.obj (ScibRegsFile)

ScicRegsFile 
*          1    00007770    00000010     UNINITIALIZED
                  00007770    00000010     DSP2833x_GlobalVariableDefs.obj (ScicRegsFile)

I2caRegsFile 
*          1    00007900    00000022     UNINITIALIZED
                  00007900    00000022     DSP2833x_GlobalVariableDefs.obj (I2caRegsFile)

.ebss      1    0000c000    0000121e     UNINITIALIZED
                  0000c000    00000cce     main.obj (.ebss)
                  0000ccce    00000032     dsp_i2c_bmp085.obj (.ebss)
                  0000cd00    00000324     dsp_i2c_adxl345.obj (.ebss)
                  0000d024    00000018     DSP2833x_CpuTimers.obj (.ebss)
                  0000d03c    00000004     dsp_i2c_hsc.obj (.ebss)
                  0000d040    00000188     dsp_gps.obj (.ebss)
                  0000d1c8    00000038     dsp_i2c.obj (.ebss)
                  0000d200    00000007     dsp_i2c_itg3200.obj (.ebss)
                  0000d207    00000001     ekf_update.obj (.ebss)
                  0000d208    00000006     dsp_comm.obj (.ebss)
                  0000d20e    00000005     dsp_isr.obj (.ebss)
                  0000d213    00000001     rts2800_fpu32.lib : errno.obj (.ebss)
                  0000d214    00000004                       : _lock.obj (.ebss)
                  0000d218    00000004                       : exit.obj (.ebss)
                  0000d21c    00000002     dsp_i2c_hmc5883.obj (.ebss)

.stack     1    0000e000    00000300     UNINITIALIZED
                  0000e000    00000300     --HOLE--

CsmPwlFile 
*          1    0033fff8    00000008     UNINITIALIZED
                  0033fff8    00000008     DSP2833x_GlobalVariableDefs.obj (CsmPwlFile)

PartIdRegsFile 
*          1    00380090    00000001     UNINITIALIZED
                  00380090    00000001     DSP2833x_GlobalVariableDefs.obj (PartIdRegsFile)


GLOBAL DATA SYMBOLS: SORTED BY DATA PAGE

address     data page           name
--------    ----------------    ----
00000880      22 (00000880)     _DevEmuRegs

00000a80      2a (00000a80)     _FlashRegs

00000ae0      2b (00000ac0)     _CsmRegs

00000b00      2c (00000b00)     _AdcMirror
00000b20      2c (00000b00)     _XintfRegs

00000c00      30 (00000c00)     _CpuTimer0Regs
00000c08      30 (00000c00)     _CpuTimer1Regs
00000c10      30 (00000c00)     _CpuTimer2Regs

00000ce0      33 (00000cc0)     _PieCtrlRegs

00000d00      34 (00000d00)     _PieVectTable

00001000      40 (00001000)     _DmaRegs

00005000     140 (00005000)     _McbspaRegs

00005040     141 (00005040)     _McbspbRegs

00006000     180 (00006000)     _ECanaRegs

00006040     181 (00006040)     _ECanaLAMRegs

00006080     182 (00006080)     _ECanaMOTSRegs

000060c0     183 (000060c0)     _ECanaMOTORegs

00006100     184 (00006100)     _ECanaMboxes

00006200     188 (00006200)     _ECanbRegs

00006240     189 (00006240)     _ECanbLAMRegs

00006280     18a (00006280)     _ECanbMOTSRegs

000062c0     18b (000062c0)     _ECanbMOTORegs

00006300     18c (00006300)     _ECanbMboxes

00006800     1a0 (00006800)     _EPwm1Regs

00006840     1a1 (00006840)     _EPwm2Regs

00006880     1a2 (00006880)     _EPwm3Regs

000068c0     1a3 (000068c0)     _EPwm4Regs

00006900     1a4 (00006900)     _EPwm5Regs

00006940     1a5 (00006940)     _EPwm6Regs

00006a00     1a8 (00006a00)     _ECap1Regs
00006a20     1a8 (00006a00)     _ECap2Regs

00006a40     1a9 (00006a40)     _ECap3Regs
00006a60     1a9 (00006a40)     _ECap4Regs

00006a80     1aa (00006a80)     _ECap5Regs
00006aa0     1aa (00006a80)     _ECap6Regs

00006b00     1ac (00006b00)     _EQep1Regs

00006b40     1ad (00006b40)     _EQep2Regs

00006f80     1be (00006f80)     _GpioCtrlRegs

00006fc0     1bf (00006fc0)     _GpioDataRegs
00006fe0     1bf (00006fc0)     _GpioIntRegs

00007010     1c0 (00007000)     _SysCtrlRegs

00007040     1c1 (00007040)     _SpiaRegs
00007050     1c1 (00007040)     _SciaRegs
00007070     1c1 (00007040)     _XIntruptRegs

00007100     1c4 (00007100)     _AdcRegs

00007750     1dd (00007740)     _ScibRegs
00007770     1dd (00007740)     _ScicRegs

00007900     1e4 (00007900)     _I2caRegs

0000c000     300 (0000c000)     _g_sensor_data_raw

0000c040     301 (0000c040)     _g_sensor_data_scaled

0000c080     302 (0000c080)     _filtered_data

0000c100     304 (0000c100)     _g_states

0000ccce     333 (0000ccc0)     _B1
0000cccf     333 (0000ccc0)     _AC6
0000ccd0     333 (0000ccc0)     _MB
0000ccd1     333 (0000ccc0)     _B2
0000ccd2     333 (0000ccc0)     _AC3
0000ccd3     333 (0000ccc0)     _AC2
0000ccd4     333 (0000ccc0)     _AC5
0000ccd5     333 (0000ccc0)     _AC4
0000ccda     333 (0000ccc0)     _MD
0000ccdb     333 (0000ccc0)     _MC
0000ccdc     333 (0000ccc0)     _UP
0000ccdd     333 (0000ccc0)     _temperature
0000ccde     333 (0000ccc0)     _AC1
0000ccdf     333 (0000ccc0)     _UT
0000cce0     333 (0000ccc0)     _oversampling_setting
0000ccf6     333 (0000ccc0)     _bmp_data_buffer
0000ccfc     333 (0000ccc0)     _pressure

0000cd01     334 (0000cd00)     _g_ADXL_Tested
0000cd06     334 (0000cd00)     _g_ADXL_Initialized

0000d024     340 (0000d000)     _CpuTimer1
0000d02c     340 (0000d000)     _CpuTimer2
0000d034     340 (0000d000)     _CpuTimer0
0000d03c     340 (0000d000)     _diff_pressure
0000d03d     340 (0000d000)     _gHSC_Initialized

0000d040     341 (0000d040)     _gps_in_flag
0000d041     341 (0000d040)     _gps_in_index
0000d04a     341 (0000d040)     _gps_heading
0000d04c     341 (0000d040)     _gps_speed
0000d04e     341 (0000d040)     _gps_data

0000d080     342 (0000d080)     _line

0000d100     344 (0000d100)     _gps_in

0000d1c8     347 (0000d1c0)     _g_i2cReadPrelude
0000d1c9     347 (0000d1c0)     _g_i2cTxPtr
0000d1ca     347 (0000d1c0)     _g_i2cBytesToReceive
0000d1cc     347 (0000d1c0)     _g_i2cBytesToTransmit
0000d1cd     347 (0000d1c0)     _g_i2cDirection
0000d1ce     347 (0000d1c0)     _g_i2cBusError
0000d1d0     347 (0000d1c0)     _g_i2cRxPtr
0000d1d2     347 (0000d1c0)     _g_i2cCurrentSlaveAddress
0000d1d3     347 (0000d1c0)     _g_i2cBusy
0000d1d6     347 (0000d1c0)     _i2c_status_flag
0000d1d8     347 (0000d1c0)     _g_i2cTxBuf
0000d1e8     347 (0000d1c0)     _g_i2cRxBuf

0000d202     348 (0000d200)     _g_ITG_Initialized
0000d207     348 (0000d200)     _NewGpsMessage
0000d208     348 (0000d200)     _SciTxStatus
0000d209     348 (0000d200)     _SciTxQtd
0000d20a     348 (0000d200)     _SpiTxStatus
0000d20b     348 (0000d200)     _SpiTxQtd
0000d20c     348 (0000d200)     _SCI_TX_Message
0000d20e     348 (0000d200)     _gtx_msg_ind_in
0000d20f     348 (0000d200)     _gtx_msg_ind_out
0000d210     348 (0000d200)     _GpsMessageReady
0000d211     348 (0000d200)     _g_internal_timing
0000d212     348 (0000d200)     _I2CRead_flag
0000d213     348 (0000d200)     _errno
0000d214     348 (0000d200)     __unlock
0000d216     348 (0000d200)     __lock
0000d218     348 (0000d200)     __cleanup_ptr
0000d21a     348 (0000d200)     __dtors_ptr
0000d21c     348 (0000d200)     _g_HMC_Initialized

0000e000     380 (0000e000)     __stack

0033c292    cf0a (0033c280)     __ctypes_

0033c394    cf0e (0033c380)     _PieVectTableInit

0033fff8    cfff (0033ffc0)     _CsmPwl

00380090    e002 (00380080)     _PartIdRegs


GLOBAL SYMBOLS: SORTED ALPHABETICALLY BY Name 

address    name
--------   ----
00338000   .text
0033c1f7   C$$EXIT
0033bb47   FS$$DIV
0033c129   L$$DIV
0033c138   L$$MOD
0033c146   UL$$DIV
0033c14d   UL$$MOD
0000ccde   _AC1
0000ccd3   _AC2
0000ccd2   _AC3
0000ccd5   _AC4
0000ccd4   _AC5
0000cccf   _AC6
0033a7fc   _ADCINT_ISR
00380080   _ADC_cal
00000b00   _AdcMirror
00007100   _AdcRegs
0000ccce   _B1
0000ccd1   _B2
0033bcfe   _ConfigCpuTimer
00338b49   _Correction
0000d034   _CpuTimer0
00000c00   _CpuTimer0Regs
0000d024   _CpuTimer1
00000c08   _CpuTimer1Regs
0000d02c   _CpuTimer2
00000c10   _CpuTimer2Regs
0033fff8   _CsmPwl
00000ae0   _CsmRegs
0033b8df   _CsmUnlock
0033a68c   _CvtStF
0033a72a   _DATALOG_ISR
0033a91e   _DINTCH1_ISR
0033a928   _DINTCH2_ISR
0033a932   _DINTCH3_ISR
0033a93c   _DINTCH4_ISR
0033a946   _DINTCH5_ISR
0033a950   _DINTCH6_ISR
00339fbf   _DMACH1AddrConfig
00339fd1   _DMACH1BurstConfig
0033a004   _DMACH1ModeConfig
00339fe1   _DMACH1TransferConfig
00339ff1   _DMACH1WrapConfig
0033a066   _DMACH2AddrConfig
0033a078   _DMACH2BurstConfig
0033a0ab   _DMACH2ModeConfig
0033a088   _DMACH2TransferConfig
0033a098   _DMACH2WrapConfig
0033a10d   _DMACH3AddrConfig
0033a11f   _DMACH3BurstConfig
0033a152   _DMACH3ModeConfig
0033a12f   _DMACH3TransferConfig
0033a13f   _DMACH3WrapConfig
0033a1b4   _DMACH4AddrConfig
0033a1c6   _DMACH4BurstConfig
0033a1f9   _DMACH4ModeConfig
0033a1d6   _DMACH4TransferConfig
0033a1e6   _DMACH4WrapConfig
0033a25b   _DMACH5AddrConfig
0033a26d   _DMACH5BurstConfig
0033a2a0   _DMACH5ModeConfig
0033a27d   _DMACH5TransferConfig
0033a28d   _DMACH5WrapConfig
0033a302   _DMACH6AddrConfig
0033a314   _DMACH6BurstConfig
0033a347   _DMACH6ModeConfig
0033a324   _DMACH6TransferConfig
0033a334   _DMACH6WrapConfig
00339fb4   _DMAInitialize
0033c282   _DSP28x_DisableInt
0033c286   _DSP28x_RestoreInt
0000801b   _DSP28x_usDelay
00000880   _DevEmuRegs
0033b830   _DisableDog
00001000   _DmaRegs
0033a9aa   _ECAN0INTA_ISR
0033a9be   _ECAN0INTB_ISR
0033a9b4   _ECAN1INTA_ISR
0033a9c8   _ECAN1INTB_ISR
0033a892   _ECAP1_INT_ISR
0033a89c   _ECAP2_INT_ISR
0033a8a6   _ECAP3_INT_ISR
0033a8b0   _ECAP4_INT_ISR
0033a8ba   _ECAP5_INT_ISR
0033a8c4   _ECAP6_INT_ISR
00006040   _ECanaLAMRegs
000060c0   _ECanaMOTORegs
00006080   _ECanaMOTSRegs
00006100   _ECanaMboxes
00006000   _ECanaRegs
00006240   _ECanbLAMRegs
000062c0   _ECanbMOTORegs
00006280   _ECanbMOTSRegs
00006300   _ECanbMboxes
00006200   _ECanbRegs
00006a00   _ECap1Regs
00006a20   _ECap2Regs
00006a40   _ECap3Regs
00006a60   _ECap4Regs
00006a80   _ECap5Regs
00006aa0   _ECap6Regs
0033a73e   _EMUINT_ISR
0033a856   _EPWM1_INT_ISR
0033a81a   _EPWM1_TZINT_ISR
0033a860   _EPWM2_INT_ISR
0033a824   _EPWM2_TZINT_ISR
0033a86a   _EPWM3_INT_ISR
0033a82e   _EPWM3_TZINT_ISR
0033a874   _EPWM4_INT_ISR
0033a838   _EPWM4_TZINT_ISR
0033a87e   _EPWM5_INT_ISR
0033a842   _EPWM5_TZINT_ISR
0033a888   _EPWM6_INT_ISR
0033a84c   _EPWM6_TZINT_ISR
00006800   _EPwm1Regs
00006840   _EPwm2Regs
00006880   _EPwm3Regs
000068c0   _EPwm4Regs
00006900   _EPwm5Regs
00006940   _EPwm6Regs
0033a8ce   _EQEP1_INT_ISR
0033a8d8   _EQEP2_INT_ISR
00006b00   _EQep1Regs
00006b40   _EQep2Regs
0033c172   _EnableInterrupts
00000a80   _FlashRegs
00006f80   _GpioCtrlRegs
00006fc0   _GpioDataRegs
00006fe0   _GpioIntRegs
0000d210   _GpsMessageReady
00339262   _H_Matrix
0033a95a   _I2CINT1A_ISR
0033a964   _I2CINT2A_ISR
0000d212   _I2CRead_flag
00007900   _I2caRegs
0033a752   _ILLEGAL_ISR
0033a716   _INT13_ISR
0033a720   _INT14_ISR
0033c253   _InitAdc
0033bcc5   _InitCpuTimers
0033b4f0   _InitECan
0033b5f3   _InitECanGpio
0033b4f5   _InitECana
0033b5f8   _InitECanaGpio
0033b574   _InitECanb
0033b60e   _InitECanbGpio
0033be66   _InitECap
0033be74   _InitECap1Gpio
0033be82   _InitECap2Gpio
0033be8e   _InitECap3Gpio
0033be9a   _InitECap4Gpio
0033bea6   _InitECap5Gpio
0033beb4   _InitECap6Gpio
0033be67   _InitECapGpio
0033b922   _InitEPwm
0033b910   _InitEPwm1Gpio
0033b930   _InitEPwm2Gpio
0033b942   _InitEPwm3Gpio
0033b956   _InitEPwm4Gpio
0033b96a   _InitEPwm5Gpio
0033b97c   _InitEPwm6Gpio
0033b923   _InitEPwmGpio
0033b98e   _InitEPwmSyncGpio
0033bf1e   _InitEQep
0033bf24   _InitEQep1Gpio
0033bf4e   _InitEQep2Gpio
0033bf1f   _InitEQepGpio
00008000   _InitFlash
0033c210   _InitGpio
0033c227   _InitI2C
0033c228   _InitI2CGpio
0033b384   _InitMcbsp
0033b45d   _InitMcbspGpio
0033b389   _InitMcbspa
0033b3e8   _InitMcbspa12bit
0033b3f3   _InitMcbspa16bit
0033b3fe   _InitMcbspa20bit
0033b409   _InitMcbspa24bit
0033b414   _InitMcbspa32bit
0033b3e1   _InitMcbspa8bit
0033b462   _InitMcbspaGpio
0033b3b5   _InitMcbspb
0033b426   _InitMcbspb12bit
0033b431   _InitMcbspb16bit
0033b43c   _InitMcbspb20bit
0033b447   _InitMcbspb24bit
0033b452   _InitMcbspb32bit
0033b41f   _InitMcbspb8bit
0033b49c   _InitMcbspbGpio
0033b884   _InitPeripheralClocks
0033c153   _InitPieCtrl
0033c19c   _InitPieVectTable
0033b838   _InitPll
0033bfbf   _InitSci
0033bfc0   _InitSciGpio
0033bfc7   _InitSciaGpio
0033bfdd   _InitScibGpio
0033bff1   _InitScicGpio
0033c0ff   _InitSpi
0033c100   _InitSpiGpio
0033c103   _InitSpiaGpio
0033b81d   _InitSysCtrl
0033b9a2   _InitTzGpio
0033b727   _InitXintf
0033b7c3   _InitXintf16Gpio
0033b77c   _InitXintf32Gpio
0033a3d1   _Init_GPS
0033aa0e   _LUF_ISR
0033aa04   _LVF_ISR
0000ccd0   _MB
0000ccdb   _MC
0000ccda   _MD
0033a90a   _MRINTA_ISR
0033a8f6   _MRINTB_ISR
0033a914   _MXINTA_ISR
0033a900   _MXINTB_ISR
00005000   _McbspaRegs
00005040   _McbspbRegs
0033c23e   _MemCopy
0033a748   _NMI_ISR
0000d207   _NewGpsMessage
0033aa18   _PIE_RESERVED
00380090   _PartIdRegs
00000ce0   _PieCtrlRegs
00000d00   _PieVectTable
0033c394   _PieVectTableInit
0033a3a9   _Process_GPS
0033a734   _RTOSINT_ISR
0032001f   _RamfuncsLoadEnd
00320000   _RamfuncsLoadStart
00008000   _RamfuncsRunStart
0033aca7   _SCIA_RX_isr
0033ac6b   _SCIA_TX_isr
0033a982   _SCIRXINTA_ISR
0033a996   _SCIRXINTB_ISR
0033a96e   _SCIRXINTC_ISR
0033a98c   _SCITXINTA_ISR
0033a9a0   _SCITXINTB_ISR
0033a978   _SCITXINTC_ISR
0000d20c   _SCI_TX_Message
0033a7d4   _SEQ1INT_ISR
0033a7de   _SEQ2INT_ISR
0033a8e2   _SPIRXINTA_ISR
0033a8ec   _SPITXINTA_ISR
0033ad0b   _SPI_RxFifoIsr
0033acec   _SPI_TxFifoIsr
0000d209   _SciTxQtd
0000d208   _SciTxStatus
00007050   _SciaRegs
00007750   _ScibRegs
00007770   _ScicRegs
0033b826   _ServiceDog
0033c28e   _SetDBGIER
0000d20b   _SpiTxQtd
0000d20a   _SpiTxStatus
00007040   _SpiaRegs
0033a05e   _StartDMACH1
0033a105   _StartDMACH2
0033a1ac   _StartDMACH3
0033a253   _StartDMACH4
0033a2fa   _StartDMACH5
0033a3a1   _StartDMACH6
00007010   _SysCtrlRegs
0033a806   _TINT0_ISR
0000ccdc   _UP
0033a7b6   _USER10_ISR
0033a7c0   _USER11_ISR
0033a7ca   _USER12_ISR
0033a75c   _USER1_ISR
0033a766   _USER2_ISR
0033a770   _USER3_ISR
0033a77a   _USER4_ISR
0033a784   _USER5_ISR
0033a78e   _USER6_ISR
0033a798   _USER7_ISR
0033a7a2   _USER8_ISR
0033a7ac   _USER9_ISR
0000ccdf   _UT
0033a810   _WAKEINT_ISR
0033a7e8   _XINT1_ISR
0033a7f2   _XINT2_ISR
0033a9d2   _XINT3_ISR
0033a9dc   _XINT4_ISR
0033a9e6   _XINT5_ISR
0033a9f0   _XINT6_ISR
0033a9fa   _XINT7_ISR
00007070   _XIntruptRegs
00000b20   _XintfRegs
0000e300   __STACK_END
00000300   __STACK_SIZE
ffffffff   ___binit__
ffffffff   ___c_args__
0033c4c4   ___cinit__
0033c291   ___etext__
0033c17b   ___memcpy_ff
ffffffff   ___pinit__
00338000   ___text__
0033c1dc   __args_main
0000d218   __cleanup_ptr
0033c292   __ctypes_
0000d21a   __dtors_ptr
0000d216   __lock
0033c279   __nop
0033c275   __register_lock
0033c271   __register_unlock
0000e000   __stack
0000d214   __unlock
0033c1f7   _abort
0033b02c   _adxl_get_data
0033ae58   _adxl_init
0033aeb4   _adxl_self_test
0033c289   _apply_sensors_scale_factor
0033bc50   _asin
0033bd39   _atan
0033baa0   _atan2
0033c0ce   _atoi
0000ccf6   _bmp_data_buffer
0033b1e4   _bmp_init
0033b2a8   _bmp_pressure_get_data
0033b269   _bmp_temp_get_data
0033b23f   _bmp_up_request
0033b22f   _bmp_ut_request
0033c007   _c_int00
0033b4da   _clkg_delay_loop
00338aae   _compute_euler_angles
0033be08   _cos
0033aded   _cpu_timer0_isr
0033ae12   _cpu_timer1_isr
0033b4c4   _delay_loop
0000d03c   _diff_pressure
0033adc6   _ePWM1A_compare_isr
00339675   _ekf_apriori_covariance
00339792   _ekf_apriori_estimate
00338000   _ekf_correction
00339fa7   _ekf_estimate_states
003388a6   _ekf_h_matrix
00339a25   _ekf_init
00339470   _ekf_prediction
003394a8   _ekf_stm
0000d213   _errno
0033ba7e   _escalonador
0033c1f9   _exit
0000c080   _filtered_data
0000d03d   _gHSC_Initialized
0000cd06   _g_ADXL_Initialized
0000cd01   _g_ADXL_Tested
0000d21c   _g_HMC_Initialized
0000d202   _g_ITG_Initialized
0000d1ce   _g_i2cBusError
0000d1d3   _g_i2cBusy
0000d1ca   _g_i2cBytesToReceive
0000d1cc   _g_i2cBytesToTransmit
0000d1d2   _g_i2cCurrentSlaveAddress
0000d1cd   _g_i2cDirection
0000d1c8   _g_i2cReadPrelude
0000d1e8   _g_i2cRxBuf
0000d1d0   _g_i2cRxPtr
0000d1d8   _g_i2cTxBuf
0000d1c9   _g_i2cTxPtr
0000d211   _g_internal_timing
0000c000   _g_sensor_data_raw
0000c040   _g_sensor_data_scaled
0000c100   _g_states
0033a469   _get_NMEA_type
0033a3d2   _get_line
0033bbcf   _gpio_select
0000d04e   _gps_data
0000d04a   _gps_heading
0000d100   _gps_in
0000d040   _gps_in_flag
0000d041   _gps_in_index
0000d04c   _gps_speed
0000d20e   _gtx_msg_ind_in
0000d20f   _gtx_msg_ind_out
0033c084   _hmc_get_data
0033c04d   _hmc_init
0033c091   _hsc_get_data
0033c08f   _hsc_init
0033b64d   _i2cBatchRead
0033b622   _i2cBatchWrite
0033b68d   _i2c_get_data
0033b70d   _i2c_init_sensors
0000d1d6   _i2c_status_flag
0033bdfb   _i2ca_init
0033bfb3   _itg_get_data
0033bf74   _itg_init
0000d080   _line
00339d45   _lpf_butterworth
00339cd9   _lpf_butterworth_init
0033b9d8   _main
0033aa2c   _mat_add
0033ac3b   _mat_copy
0033abdb   _mat_create_identity
0033ab76   _mat_determinant
0033aaac   _mat_mult
0033ab3e   _mat_scalar_mult
0033ab7c   _mat_transpose
0033ac14   _mat_zero
0000cce0   _oversampling_setting
0000ccfc   _pressure
0033a675   _print_serial_gps
0033b182   _quat_add
0033b0c9   _quat_conj
0033b037   _quat_mult
0033b0eb   _quat_norm
0033b1b4   _quat_scalar_mult
0033b150   _quat_subtract
0033aa22   _rsvd_ISR
0033bda8   _scia_init
0033bc32   _setup_epwm1a
0033bec2   _sin
0033ad68   _spi_cs_isr
0033bdbd   _spia_init
0033c1bc   _sqrt
0033a6f4   _str_split
0033c267   _strcmp
0033a679   _strcpy_len
0000ccdd   _temperature
0033ada4   _timing_isr
0033ba9b   _toggle_led
0033a4ad   _translate_GGA
0033a65c   _translate_GLL
0033a670   _translate_GSA
0033a661   _translate_GSV
0033a666   _translate_RMC
0033a5e6   _translate_VTG
0033a66b   _translate_ZDA
0033a422   _translate_msg
ffffffff   binit
0033c4c4   cinit
0033fff6   code_start
0033c291   etext
ffffffff   pinit


GLOBAL SYMBOLS: SORTED BY Symbol Address 

address    name
--------   ----
00000300   __STACK_SIZE
00000880   _DevEmuRegs
00000a80   _FlashRegs
00000ae0   _CsmRegs
00000b00   _AdcMirror
00000b20   _XintfRegs
00000c00   _CpuTimer0Regs
00000c08   _CpuTimer1Regs
00000c10   _CpuTimer2Regs
00000ce0   _PieCtrlRegs
00000d00   _PieVectTable
00001000   _DmaRegs
00005000   _McbspaRegs
00005040   _McbspbRegs
00006000   _ECanaRegs
00006040   _ECanaLAMRegs
00006080   _ECanaMOTSRegs
000060c0   _ECanaMOTORegs
00006100   _ECanaMboxes
00006200   _ECanbRegs
00006240   _ECanbLAMRegs
00006280   _ECanbMOTSRegs
000062c0   _ECanbMOTORegs
00006300   _ECanbMboxes
00006800   _EPwm1Regs
00006840   _EPwm2Regs
00006880   _EPwm3Regs
000068c0   _EPwm4Regs
00006900   _EPwm5Regs
00006940   _EPwm6Regs
00006a00   _ECap1Regs
00006a20   _ECap2Regs
00006a40   _ECap3Regs
00006a60   _ECap4Regs
00006a80   _ECap5Regs
00006aa0   _ECap6Regs
00006b00   _EQep1Regs
00006b40   _EQep2Regs
00006f80   _GpioCtrlRegs
00006fc0   _GpioDataRegs
00006fe0   _GpioIntRegs
00007010   _SysCtrlRegs
00007040   _SpiaRegs
00007050   _SciaRegs
00007070   _XIntruptRegs
00007100   _AdcRegs
00007750   _ScibRegs
00007770   _ScicRegs
00007900   _I2caRegs
00008000   _InitFlash
00008000   _RamfuncsRunStart
0000801b   _DSP28x_usDelay
0000c000   _g_sensor_data_raw
0000c040   _g_sensor_data_scaled
0000c080   _filtered_data
0000c100   _g_states
0000ccce   _B1
0000cccf   _AC6
0000ccd0   _MB
0000ccd1   _B2
0000ccd2   _AC3
0000ccd3   _AC2
0000ccd4   _AC5
0000ccd5   _AC4
0000ccda   _MD
0000ccdb   _MC
0000ccdc   _UP
0000ccdd   _temperature
0000ccde   _AC1
0000ccdf   _UT
0000cce0   _oversampling_setting
0000ccf6   _bmp_data_buffer
0000ccfc   _pressure
0000cd01   _g_ADXL_Tested
0000cd06   _g_ADXL_Initialized
0000d024   _CpuTimer1
0000d02c   _CpuTimer2
0000d034   _CpuTimer0
0000d03c   _diff_pressure
0000d03d   _gHSC_Initialized
0000d040   _gps_in_flag
0000d041   _gps_in_index
0000d04a   _gps_heading
0000d04c   _gps_speed
0000d04e   _gps_data
0000d080   _line
0000d100   _gps_in
0000d1c8   _g_i2cReadPrelude
0000d1c9   _g_i2cTxPtr
0000d1ca   _g_i2cBytesToReceive
0000d1cc   _g_i2cBytesToTransmit
0000d1cd   _g_i2cDirection
0000d1ce   _g_i2cBusError
0000d1d0   _g_i2cRxPtr
0000d1d2   _g_i2cCurrentSlaveAddress
0000d1d3   _g_i2cBusy
0000d1d6   _i2c_status_flag
0000d1d8   _g_i2cTxBuf
0000d1e8   _g_i2cRxBuf
0000d202   _g_ITG_Initialized
0000d207   _NewGpsMessage
0000d208   _SciTxStatus
0000d209   _SciTxQtd
0000d20a   _SpiTxStatus
0000d20b   _SpiTxQtd
0000d20c   _SCI_TX_Message
0000d20e   _gtx_msg_ind_in
0000d20f   _gtx_msg_ind_out
0000d210   _GpsMessageReady
0000d211   _g_internal_timing
0000d212   _I2CRead_flag
0000d213   _errno
0000d214   __unlock
0000d216   __lock
0000d218   __cleanup_ptr
0000d21a   __dtors_ptr
0000d21c   _g_HMC_Initialized
0000e000   __stack
0000e300   __STACK_END
00320000   _RamfuncsLoadStart
0032001f   _RamfuncsLoadEnd
00338000   .text
00338000   ___text__
00338000   _ekf_correction
003388a6   _ekf_h_matrix
00338aae   _compute_euler_angles
00338b49   _Correction
00339262   _H_Matrix
00339470   _ekf_prediction
003394a8   _ekf_stm
00339675   _ekf_apriori_covariance
00339792   _ekf_apriori_estimate
00339a25   _ekf_init
00339cd9   _lpf_butterworth_init
00339d45   _lpf_butterworth
00339fa7   _ekf_estimate_states
00339fb4   _DMAInitialize
00339fbf   _DMACH1AddrConfig
00339fd1   _DMACH1BurstConfig
00339fe1   _DMACH1TransferConfig
00339ff1   _DMACH1WrapConfig
0033a004   _DMACH1ModeConfig
0033a05e   _StartDMACH1
0033a066   _DMACH2AddrConfig
0033a078   _DMACH2BurstConfig
0033a088   _DMACH2TransferConfig
0033a098   _DMACH2WrapConfig
0033a0ab   _DMACH2ModeConfig
0033a105   _StartDMACH2
0033a10d   _DMACH3AddrConfig
0033a11f   _DMACH3BurstConfig
0033a12f   _DMACH3TransferConfig
0033a13f   _DMACH3WrapConfig
0033a152   _DMACH3ModeConfig
0033a1ac   _StartDMACH3
0033a1b4   _DMACH4AddrConfig
0033a1c6   _DMACH4BurstConfig
0033a1d6   _DMACH4TransferConfig
0033a1e6   _DMACH4WrapConfig
0033a1f9   _DMACH4ModeConfig
0033a253   _StartDMACH4
0033a25b   _DMACH5AddrConfig
0033a26d   _DMACH5BurstConfig
0033a27d   _DMACH5TransferConfig
0033a28d   _DMACH5WrapConfig
0033a2a0   _DMACH5ModeConfig
0033a2fa   _StartDMACH5
0033a302   _DMACH6AddrConfig
0033a314   _DMACH6BurstConfig
0033a324   _DMACH6TransferConfig
0033a334   _DMACH6WrapConfig
0033a347   _DMACH6ModeConfig
0033a3a1   _StartDMACH6
0033a3a9   _Process_GPS
0033a3d1   _Init_GPS
0033a3d2   _get_line
0033a422   _translate_msg
0033a469   _get_NMEA_type
0033a4ad   _translate_GGA
0033a5e6   _translate_VTG
0033a65c   _translate_GLL
0033a661   _translate_GSV
0033a666   _translate_RMC
0033a66b   _translate_ZDA
0033a670   _translate_GSA
0033a675   _print_serial_gps
0033a679   _strcpy_len
0033a68c   _CvtStF
0033a6f4   _str_split
0033a716   _INT13_ISR
0033a720   _INT14_ISR
0033a72a   _DATALOG_ISR
0033a734   _RTOSINT_ISR
0033a73e   _EMUINT_ISR
0033a748   _NMI_ISR
0033a752   _ILLEGAL_ISR
0033a75c   _USER1_ISR
0033a766   _USER2_ISR
0033a770   _USER3_ISR
0033a77a   _USER4_ISR
0033a784   _USER5_ISR
0033a78e   _USER6_ISR
0033a798   _USER7_ISR
0033a7a2   _USER8_ISR
0033a7ac   _USER9_ISR
0033a7b6   _USER10_ISR
0033a7c0   _USER11_ISR
0033a7ca   _USER12_ISR
0033a7d4   _SEQ1INT_ISR
0033a7de   _SEQ2INT_ISR
0033a7e8   _XINT1_ISR
0033a7f2   _XINT2_ISR
0033a7fc   _ADCINT_ISR
0033a806   _TINT0_ISR
0033a810   _WAKEINT_ISR
0033a81a   _EPWM1_TZINT_ISR
0033a824   _EPWM2_TZINT_ISR
0033a82e   _EPWM3_TZINT_ISR
0033a838   _EPWM4_TZINT_ISR
0033a842   _EPWM5_TZINT_ISR
0033a84c   _EPWM6_TZINT_ISR
0033a856   _EPWM1_INT_ISR
0033a860   _EPWM2_INT_ISR
0033a86a   _EPWM3_INT_ISR
0033a874   _EPWM4_INT_ISR
0033a87e   _EPWM5_INT_ISR
0033a888   _EPWM6_INT_ISR
0033a892   _ECAP1_INT_ISR
0033a89c   _ECAP2_INT_ISR
0033a8a6   _ECAP3_INT_ISR
0033a8b0   _ECAP4_INT_ISR
0033a8ba   _ECAP5_INT_ISR
0033a8c4   _ECAP6_INT_ISR
0033a8ce   _EQEP1_INT_ISR
0033a8d8   _EQEP2_INT_ISR
0033a8e2   _SPIRXINTA_ISR
0033a8ec   _SPITXINTA_ISR
0033a8f6   _MRINTB_ISR
0033a900   _MXINTB_ISR
0033a90a   _MRINTA_ISR
0033a914   _MXINTA_ISR
0033a91e   _DINTCH1_ISR
0033a928   _DINTCH2_ISR
0033a932   _DINTCH3_ISR
0033a93c   _DINTCH4_ISR
0033a946   _DINTCH5_ISR
0033a950   _DINTCH6_ISR
0033a95a   _I2CINT1A_ISR
0033a964   _I2CINT2A_ISR
0033a96e   _SCIRXINTC_ISR
0033a978   _SCITXINTC_ISR
0033a982   _SCIRXINTA_ISR
0033a98c   _SCITXINTA_ISR
0033a996   _SCIRXINTB_ISR
0033a9a0   _SCITXINTB_ISR
0033a9aa   _ECAN0INTA_ISR
0033a9b4   _ECAN1INTA_ISR
0033a9be   _ECAN0INTB_ISR
0033a9c8   _ECAN1INTB_ISR
0033a9d2   _XINT3_ISR
0033a9dc   _XINT4_ISR
0033a9e6   _XINT5_ISR
0033a9f0   _XINT6_ISR
0033a9fa   _XINT7_ISR
0033aa04   _LVF_ISR
0033aa0e   _LUF_ISR
0033aa18   _PIE_RESERVED
0033aa22   _rsvd_ISR
0033aa2c   _mat_add
0033aaac   _mat_mult
0033ab3e   _mat_scalar_mult
0033ab76   _mat_determinant
0033ab7c   _mat_transpose
0033abdb   _mat_create_identity
0033ac14   _mat_zero
0033ac3b   _mat_copy
0033ac6b   _SCIA_TX_isr
0033aca7   _SCIA_RX_isr
0033acec   _SPI_TxFifoIsr
0033ad0b   _SPI_RxFifoIsr
0033ad68   _spi_cs_isr
0033ada4   _timing_isr
0033adc6   _ePWM1A_compare_isr
0033aded   _cpu_timer0_isr
0033ae12   _cpu_timer1_isr
0033ae58   _adxl_init
0033aeb4   _adxl_self_test
0033b02c   _adxl_get_data
0033b037   _quat_mult
0033b0c9   _quat_conj
0033b0eb   _quat_norm
0033b150   _quat_subtract
0033b182   _quat_add
0033b1b4   _quat_scalar_mult
0033b1e4   _bmp_init
0033b22f   _bmp_ut_request
0033b23f   _bmp_up_request
0033b269   _bmp_temp_get_data
0033b2a8   _bmp_pressure_get_data
0033b384   _InitMcbsp
0033b389   _InitMcbspa
0033b3b5   _InitMcbspb
0033b3e1   _InitMcbspa8bit
0033b3e8   _InitMcbspa12bit
0033b3f3   _InitMcbspa16bit
0033b3fe   _InitMcbspa20bit
0033b409   _InitMcbspa24bit
0033b414   _InitMcbspa32bit
0033b41f   _InitMcbspb8bit
0033b426   _InitMcbspb12bit
0033b431   _InitMcbspb16bit
0033b43c   _InitMcbspb20bit
0033b447   _InitMcbspb24bit
0033b452   _InitMcbspb32bit
0033b45d   _InitMcbspGpio
0033b462   _InitMcbspaGpio
0033b49c   _InitMcbspbGpio
0033b4c4   _delay_loop
0033b4da   _clkg_delay_loop
0033b4f0   _InitECan
0033b4f5   _InitECana
0033b574   _InitECanb
0033b5f3   _InitECanGpio
0033b5f8   _InitECanaGpio
0033b60e   _InitECanbGpio
0033b622   _i2cBatchWrite
0033b64d   _i2cBatchRead
0033b68d   _i2c_get_data
0033b70d   _i2c_init_sensors
0033b727   _InitXintf
0033b77c   _InitXintf32Gpio
0033b7c3   _InitXintf16Gpio
0033b81d   _InitSysCtrl
0033b826   _ServiceDog
0033b830   _DisableDog
0033b838   _InitPll
0033b884   _InitPeripheralClocks
0033b8df   _CsmUnlock
0033b910   _InitEPwm1Gpio
0033b922   _InitEPwm
0033b923   _InitEPwmGpio
0033b930   _InitEPwm2Gpio
0033b942   _InitEPwm3Gpio
0033b956   _InitEPwm4Gpio
0033b96a   _InitEPwm5Gpio
0033b97c   _InitEPwm6Gpio
0033b98e   _InitEPwmSyncGpio
0033b9a2   _InitTzGpio
0033b9d8   _main
0033ba7e   _escalonador
0033ba9b   _toggle_led
0033baa0   _atan2
0033bb47   FS$$DIV
0033bbcf   _gpio_select
0033bc32   _setup_epwm1a
0033bc50   _asin
0033bcc5   _InitCpuTimers
0033bcfe   _ConfigCpuTimer
0033bd39   _atan
0033bda8   _scia_init
0033bdbd   _spia_init
0033bdfb   _i2ca_init
0033be08   _cos
0033be66   _InitECap
0033be67   _InitECapGpio
0033be74   _InitECap1Gpio
0033be82   _InitECap2Gpio
0033be8e   _InitECap3Gpio
0033be9a   _InitECap4Gpio
0033bea6   _InitECap5Gpio
0033beb4   _InitECap6Gpio
0033bec2   _sin
0033bf1e   _InitEQep
0033bf1f   _InitEQepGpio
0033bf24   _InitEQep1Gpio
0033bf4e   _InitEQep2Gpio
0033bf74   _itg_init
0033bfb3   _itg_get_data
0033bfbf   _InitSci
0033bfc0   _InitSciGpio
0033bfc7   _InitSciaGpio
0033bfdd   _InitScibGpio
0033bff1   _InitScicGpio
0033c007   _c_int00
0033c04d   _hmc_init
0033c084   _hmc_get_data
0033c08f   _hsc_init
0033c091   _hsc_get_data
0033c0ce   _atoi
0033c0ff   _InitSpi
0033c100   _InitSpiGpio
0033c103   _InitSpiaGpio
0033c129   L$$DIV
0033c138   L$$MOD
0033c146   UL$$DIV
0033c14d   UL$$MOD
0033c153   _InitPieCtrl
0033c172   _EnableInterrupts
0033c17b   ___memcpy_ff
0033c19c   _InitPieVectTable
0033c1bc   _sqrt
0033c1dc   __args_main
0033c1f7   C$$EXIT
0033c1f7   _abort
0033c1f9   _exit
0033c210   _InitGpio
0033c227   _InitI2C
0033c228   _InitI2CGpio
0033c23e   _MemCopy
0033c253   _InitAdc
0033c267   _strcmp
0033c271   __register_unlock
0033c275   __register_lock
0033c279   __nop
0033c282   _DSP28x_DisableInt
0033c286   _DSP28x_RestoreInt
0033c289   _apply_sensors_scale_factor
0033c28e   _SetDBGIER
0033c291   ___etext__
0033c291   etext
0033c292   __ctypes_
0033c394   _PieVectTableInit
0033c4c4   ___cinit__
0033c4c4   cinit
0033fff6   code_start
0033fff8   _CsmPwl
00380080   _ADC_cal
00380090   _PartIdRegs
ffffffff   ___binit__
ffffffff   ___c_args__
ffffffff   ___pinit__
ffffffff   binit
ffffffff   pinit

[433 symbols]
