<?xml version="1.0"?>
<link_info>
   <banner>TMS320C2000 Linker PC v6.2.0</banner>
   <copyright>Copyright (c) 1996-2013 Texas Instruments Incorporated</copyright>
   <link_time>0x545bd7e4</link_time>
   <link_errors>0x0</link_errors>
   <output_file>VANT-UFMG.out</output_file>
   <entry_point>
      <name>_c_int00</name>
      <address>0x33c007</address>
   </entry_point>
   <input_file_list>
      <input_file id="fl-2">
         <path>.\src\sys\</path>
         <kind>object</kind>
         <file>DSP2833x_usDelay.obj</file>
         <name>DSP2833x_usDelay.obj</name>
      </input_file>
      <input_file id="fl-3">
         <path>.\src\sys\</path>
         <kind>object</kind>
         <file>DSP2833x_Xintf.obj</file>
         <name>DSP2833x_Xintf.obj</name>
      </input_file>
      <input_file id="fl-4">
         <path>.\src\sys\</path>
         <kind>object</kind>
         <file>DSP2833x_SysCtrl.obj</file>
         <name>DSP2833x_SysCtrl.obj</name>
      </input_file>
      <input_file id="fl-5">
         <path>.\src\sys\</path>
         <kind>object</kind>
         <file>DSP2833x_Spi.obj</file>
         <name>DSP2833x_Spi.obj</name>
      </input_file>
      <input_file id="fl-6">
         <path>.\src\sys\</path>
         <kind>object</kind>
         <file>DSP2833x_Sci.obj</file>
         <name>DSP2833x_Sci.obj</name>
      </input_file>
      <input_file id="fl-7">
         <path>.\src\sys\</path>
         <kind>object</kind>
         <file>DSP2833x_PieVect.obj</file>
         <name>DSP2833x_PieVect.obj</name>
      </input_file>
      <input_file id="fl-8">
         <path>.\src\sys\</path>
         <kind>object</kind>
         <file>DSP2833x_PieCtrl.obj</file>
         <name>DSP2833x_PieCtrl.obj</name>
      </input_file>
      <input_file id="fl-9">
         <path>.\src\sys\</path>
         <kind>object</kind>
         <file>DSP2833x_MemCopy.obj</file>
         <name>DSP2833x_MemCopy.obj</name>
      </input_file>
      <input_file id="fl-a">
         <path>.\src\sys\</path>
         <kind>object</kind>
         <file>DSP2833x_Mcbsp.obj</file>
         <name>DSP2833x_Mcbsp.obj</name>
      </input_file>
      <input_file id="fl-b">
         <path>.\src\sys\</path>
         <kind>object</kind>
         <file>DSP2833x_I2C.obj</file>
         <name>DSP2833x_I2C.obj</name>
      </input_file>
      <input_file id="fl-c">
         <path>.\src\sys\</path>
         <kind>object</kind>
         <file>DSP2833x_Gpio.obj</file>
         <name>DSP2833x_Gpio.obj</name>
      </input_file>
      <input_file id="fl-d">
         <path>.\src\sys\</path>
         <kind>object</kind>
         <file>DSP2833x_GlobalVariableDefs.obj</file>
         <name>DSP2833x_GlobalVariableDefs.obj</name>
      </input_file>
      <input_file id="fl-e">
         <path>.\src\sys\</path>
         <kind>object</kind>
         <file>DSP2833x_EQep.obj</file>
         <name>DSP2833x_EQep.obj</name>
      </input_file>
      <input_file id="fl-f">
         <path>.\src\sys\</path>
         <kind>object</kind>
         <file>DSP2833x_EPwm.obj</file>
         <name>DSP2833x_EPwm.obj</name>
      </input_file>
      <input_file id="fl-10">
         <path>.\src\sys\</path>
         <kind>object</kind>
         <file>DSP2833x_ECap.obj</file>
         <name>DSP2833x_ECap.obj</name>
      </input_file>
      <input_file id="fl-11">
         <path>.\src\sys\</path>
         <kind>object</kind>
         <file>DSP2833x_ECan.obj</file>
         <name>DSP2833x_ECan.obj</name>
      </input_file>
      <input_file id="fl-12">
         <path>.\src\sys\</path>
         <kind>object</kind>
         <file>DSP2833x_DisInt.obj</file>
         <name>DSP2833x_DisInt.obj</name>
      </input_file>
      <input_file id="fl-13">
         <path>.\src\sys\</path>
         <kind>object</kind>
         <file>DSP2833x_DefaultIsr.obj</file>
         <name>DSP2833x_DefaultIsr.obj</name>
      </input_file>
      <input_file id="fl-14">
         <path>.\src\sys\</path>
         <kind>object</kind>
         <file>DSP2833x_DMA.obj</file>
         <name>DSP2833x_DMA.obj</name>
      </input_file>
      <input_file id="fl-15">
         <path>.\src\sys\</path>
         <kind>object</kind>
         <file>DSP2833x_DBGIER.obj</file>
         <name>DSP2833x_DBGIER.obj</name>
      </input_file>
      <input_file id="fl-16">
         <path>.\src\sys\</path>
         <kind>object</kind>
         <file>DSP2833x_CpuTimers.obj</file>
         <name>DSP2833x_CpuTimers.obj</name>
      </input_file>
      <input_file id="fl-17">
         <path>.\src\sys\</path>
         <kind>object</kind>
         <file>DSP2833x_CodeStartBranch.obj</file>
         <name>DSP2833x_CodeStartBranch.obj</name>
      </input_file>
      <input_file id="fl-18">
         <path>.\src\sys\</path>
         <kind>object</kind>
         <file>DSP2833x_CSMPasswords.obj</file>
         <name>DSP2833x_CSMPasswords.obj</name>
      </input_file>
      <input_file id="fl-19">
         <path>.\src\sys\</path>
         <kind>object</kind>
         <file>DSP2833x_Adc.obj</file>
         <name>DSP2833x_Adc.obj</name>
      </input_file>
      <input_file id="fl-1a">
         <path>.\src\sys\</path>
         <kind>object</kind>
         <file>DSP2833x_ADC_cal.obj</file>
         <name>DSP2833x_ADC_cal.obj</name>
      </input_file>
      <input_file id="fl-1b">
         <path>.\src\usr\</path>
         <kind>object</kind>
         <file>main.obj</file>
         <name>main.obj</name>
      </input_file>
      <input_file id="fl-1c">
         <path>.\src\usr\</path>
         <kind>object</kind>
         <file>ekf_update.obj</file>
         <name>ekf_update.obj</name>
      </input_file>
      <input_file id="fl-1d">
         <path>.\src\usr\</path>
         <kind>object</kind>
         <file>ekf_predict.obj</file>
         <name>ekf_predict.obj</name>
      </input_file>
      <input_file id="fl-1e">
         <path>.\src\usr\</path>
         <kind>object</kind>
         <file>dsp_system.obj</file>
         <name>dsp_system.obj</name>
      </input_file>
      <input_file id="fl-1f">
         <path>.\src\usr\</path>
         <kind>object</kind>
         <file>dsp_quat.obj</file>
         <name>dsp_quat.obj</name>
      </input_file>
      <input_file id="fl-20">
         <path>.\src\usr\</path>
         <kind>object</kind>
         <file>dsp_matrix.obj</file>
         <name>dsp_matrix.obj</name>
      </input_file>
      <input_file id="fl-21">
         <path>.\src\usr\</path>
         <kind>object</kind>
         <file>dsp_isr.obj</file>
         <name>dsp_isr.obj</name>
      </input_file>
      <input_file id="fl-22">
         <path>.\src\usr\</path>
         <kind>object</kind>
         <file>dsp_i2c_itg3200.obj</file>
         <name>dsp_i2c_itg3200.obj</name>
      </input_file>
      <input_file id="fl-23">
         <path>.\src\usr\</path>
         <kind>object</kind>
         <file>dsp_i2c_hsc.obj</file>
         <name>dsp_i2c_hsc.obj</name>
      </input_file>
      <input_file id="fl-24">
         <path>.\src\usr\</path>
         <kind>object</kind>
         <file>dsp_i2c_hmc5883.obj</file>
         <name>dsp_i2c_hmc5883.obj</name>
      </input_file>
      <input_file id="fl-25">
         <path>.\src\usr\</path>
         <kind>object</kind>
         <file>dsp_i2c_bmp085.obj</file>
         <name>dsp_i2c_bmp085.obj</name>
      </input_file>
      <input_file id="fl-26">
         <path>.\src\usr\</path>
         <kind>object</kind>
         <file>dsp_i2c_adxl345.obj</file>
         <name>dsp_i2c_adxl345.obj</name>
      </input_file>
      <input_file id="fl-27">
         <path>.\src\usr\</path>
         <kind>object</kind>
         <file>dsp_i2c.obj</file>
         <name>dsp_i2c.obj</name>
      </input_file>
      <input_file id="fl-28">
         <path>.\src\usr\</path>
         <kind>object</kind>
         <file>dsp_gps.obj</file>
         <name>dsp_gps.obj</name>
      </input_file>
      <input_file id="fl-29">
         <path>.\src\usr\</path>
         <kind>object</kind>
         <file>dsp_ekf.obj</file>
         <name>dsp_ekf.obj</name>
      </input_file>
      <input_file id="fl-2a">
         <path>.\src\usr\</path>
         <kind>object</kind>
         <file>dsp_conversions.obj</file>
         <name>dsp_conversions.obj</name>
      </input_file>
      <input_file id="fl-2b">
         <path>.\src\usr\</path>
         <kind>object</kind>
         <file>dsp_comm.obj</file>
         <name>dsp_comm.obj</name>
      </input_file>
      <input_file id="fl-39">
         <path>..\lib\</path>
         <kind>archive</kind>
         <file>EKF_lib.lib</file>
         <name>EKF_Update.obj</name>
      </input_file>
      <input_file id="fl-3a">
         <path>..\lib\</path>
         <kind>archive</kind>
         <file>rts2800_fpu32.lib</file>
         <name>boot.obj</name>
      </input_file>
      <input_file id="fl-3b">
         <path>..\lib\</path>
         <kind>archive</kind>
         <file>rts2800_fpu32.lib</file>
         <name>exit.obj</name>
      </input_file>
      <input_file id="fl-3c">
         <path>..\lib\</path>
         <kind>archive</kind>
         <file>rts2800_fpu32.lib</file>
         <name>fs_div.obj</name>
      </input_file>
      <input_file id="fl-3d">
         <path>..\lib\</path>
         <kind>archive</kind>
         <file>rts2800_fpu32.lib</file>
         <name>l_div.obj</name>
      </input_file>
      <input_file id="fl-3e">
         <path>..\lib\</path>
         <kind>archive</kind>
         <file>rts2800_fpu32.lib</file>
         <name>memcpy_ff.obj</name>
      </input_file>
      <input_file id="fl-3f">
         <path>..\lib\</path>
         <kind>archive</kind>
         <file>rts2800_fpu32.lib</file>
         <name>sqrt.obj</name>
      </input_file>
      <input_file id="fl-40">
         <path>..\lib\</path>
         <kind>archive</kind>
         <file>rts2800_fpu32.lib</file>
         <name>asin.obj</name>
      </input_file>
      <input_file id="fl-41">
         <path>..\lib\</path>
         <kind>archive</kind>
         <file>rts2800_fpu32.lib</file>
         <name>atan.obj</name>
      </input_file>
      <input_file id="fl-42">
         <path>..\lib\</path>
         <kind>archive</kind>
         <file>rts2800_fpu32.lib</file>
         <name>atan2.obj</name>
      </input_file>
      <input_file id="fl-43">
         <path>..\lib\</path>
         <kind>archive</kind>
         <file>rts2800_fpu32.lib</file>
         <name>cos.obj</name>
      </input_file>
      <input_file id="fl-44">
         <path>..\lib\</path>
         <kind>archive</kind>
         <file>rts2800_fpu32.lib</file>
         <name>sin.obj</name>
      </input_file>
      <input_file id="fl-45">
         <path>..\lib\</path>
         <kind>archive</kind>
         <file>rts2800_fpu32.lib</file>
         <name>_lock.obj</name>
      </input_file>
      <input_file id="fl-46">
         <path>..\lib\</path>
         <kind>archive</kind>
         <file>rts2800_fpu32.lib</file>
         <name>args_main.obj</name>
      </input_file>
      <input_file id="fl-47">
         <path>..\lib\</path>
         <kind>archive</kind>
         <file>rts2800_fpu32.lib</file>
         <name>atoi.obj</name>
      </input_file>
      <input_file id="fl-48">
         <path>..\lib\</path>
         <kind>archive</kind>
         <file>rts2800_fpu32.lib</file>
         <name>ctype.obj</name>
      </input_file>
      <input_file id="fl-49">
         <path>..\lib\</path>
         <kind>archive</kind>
         <file>rts2800_fpu32.lib</file>
         <name>errno.obj</name>
      </input_file>
      <input_file id="fl-4a">
         <path>..\lib\</path>
         <kind>archive</kind>
         <file>rts2800_fpu32.lib</file>
         <name>strcmp.obj</name>
      </input_file>
   </input_file_list>
   <object_component_list>
      <object_component id="oc-b7">
         <name>PieVectTableFile</name>
         <uninitialized>true</uninitialized>
         <run_address>0xd00</run_address>
         <size>0x100</size>
         <input_file_ref idref="fl-d"/>
      </object_component>
      <object_component id="oc-b3">
         <name>DevEmuRegsFile</name>
         <uninitialized>true</uninitialized>
         <run_address>0x880</run_address>
         <size>0xd0</size>
         <input_file_ref idref="fl-d"/>
      </object_component>
      <object_component id="oc-89">
         <name>FlashRegsFile</name>
         <uninitialized>true</uninitialized>
         <run_address>0xa80</run_address>
         <size>0x8</size>
         <input_file_ref idref="fl-d"/>
      </object_component>
      <object_component id="oc-91">
         <name>CsmRegsFile</name>
         <uninitialized>true</uninitialized>
         <run_address>0xae0</run_address>
         <size>0x10</size>
         <input_file_ref idref="fl-d"/>
      </object_component>
      <object_component id="oc-92">
         <name>AdcMirrorFile</name>
         <uninitialized>true</uninitialized>
         <run_address>0xb00</run_address>
         <size>0x10</size>
         <input_file_ref idref="fl-d"/>
      </object_component>
      <object_component id="oc-96">
         <name>XintfRegsFile</name>
         <uninitialized>true</uninitialized>
         <run_address>0xb20</run_address>
         <size>0x1e</size>
         <input_file_ref idref="fl-d"/>
      </object_component>
      <object_component id="oc-8a">
         <name>CpuTimer0RegsFile</name>
         <uninitialized>true</uninitialized>
         <run_address>0xc00</run_address>
         <size>0x8</size>
         <input_file_ref idref="fl-d"/>
      </object_component>
      <object_component id="oc-8b">
         <name>CpuTimer1RegsFile</name>
         <uninitialized>true</uninitialized>
         <run_address>0xc08</run_address>
         <size>0x8</size>
         <input_file_ref idref="fl-d"/>
      </object_component>
      <object_component id="oc-87">
         <name>CpuTimer2RegsFile</name>
         <uninitialized>true</uninitialized>
         <run_address>0xc10</run_address>
         <size>0x8</size>
         <input_file_ref idref="fl-d"/>
      </object_component>
      <object_component id="oc-94">
         <name>PieCtrlRegsFile</name>
         <uninitialized>true</uninitialized>
         <run_address>0xce0</run_address>
         <size>0x1a</size>
         <input_file_ref idref="fl-d"/>
      </object_component>
      <object_component id="oc-b4">
         <name>DmaRegsFile</name>
         <uninitialized>true</uninitialized>
         <run_address>0x1000</run_address>
         <size>0xe0</size>
         <input_file_ref idref="fl-d"/>
      </object_component>
      <object_component id="oc-a7">
         <name>McbspaRegsFile</name>
         <uninitialized>true</uninitialized>
         <run_address>0x5000</run_address>
         <size>0x25</size>
         <input_file_ref idref="fl-d"/>
      </object_component>
      <object_component id="oc-a6">
         <name>McbspbRegsFile</name>
         <uninitialized>true</uninitialized>
         <run_address>0x5040</run_address>
         <size>0x25</size>
         <input_file_ref idref="fl-d"/>
      </object_component>
      <object_component id="oc-a9">
         <name>ECanaRegsFile</name>
         <uninitialized>true</uninitialized>
         <run_address>0x6000</run_address>
         <size>0x34</size>
         <input_file_ref idref="fl-d"/>
      </object_component>
      <object_component id="oc-ad">
         <name>ECanaLAMRegsFile</name>
         <uninitialized>true</uninitialized>
         <run_address>0x6040</run_address>
         <size>0x40</size>
         <input_file_ref idref="fl-d"/>
      </object_component>
      <object_component id="oc-b6">
         <name>ECanaMboxesFile</name>
         <uninitialized>true</uninitialized>
         <run_address>0x6100</run_address>
         <size>0x100</size>
         <input_file_ref idref="fl-d"/>
      </object_component>
      <object_component id="oc-ae">
         <name>ECanaMOTSRegsFile</name>
         <uninitialized>true</uninitialized>
         <run_address>0x6080</run_address>
         <size>0x40</size>
         <input_file_ref idref="fl-d"/>
      </object_component>
      <object_component id="oc-ab">
         <name>ECanaMOTORegsFile</name>
         <uninitialized>true</uninitialized>
         <run_address>0x60c0</run_address>
         <size>0x40</size>
         <input_file_ref idref="fl-d"/>
      </object_component>
      <object_component id="oc-aa">
         <name>ECanbRegsFile</name>
         <uninitialized>true</uninitialized>
         <run_address>0x6200</run_address>
         <size>0x34</size>
         <input_file_ref idref="fl-d"/>
      </object_component>
      <object_component id="oc-b2">
         <name>ECanbLAMRegsFile</name>
         <uninitialized>true</uninitialized>
         <run_address>0x6240</run_address>
         <size>0x40</size>
         <input_file_ref idref="fl-d"/>
      </object_component>
      <object_component id="oc-b5">
         <name>ECanbMboxesFile</name>
         <uninitialized>true</uninitialized>
         <run_address>0x6300</run_address>
         <size>0x100</size>
         <input_file_ref idref="fl-d"/>
      </object_component>
      <object_component id="oc-ac">
         <name>ECanbMOTSRegsFile</name>
         <uninitialized>true</uninitialized>
         <run_address>0x6280</run_address>
         <size>0x40</size>
         <input_file_ref idref="fl-d"/>
      </object_component>
      <object_component id="oc-af">
         <name>ECanbMOTORegsFile</name>
         <uninitialized>true</uninitialized>
         <run_address>0x62c0</run_address>
         <size>0x40</size>
         <input_file_ref idref="fl-d"/>
      </object_component>
      <object_component id="oc-a4">
         <name>EPwm1RegsFile</name>
         <uninitialized>true</uninitialized>
         <run_address>0x6800</run_address>
         <size>0x22</size>
         <input_file_ref idref="fl-d"/>
      </object_component>
      <object_component id="oc-9f">
         <name>EPwm2RegsFile</name>
         <uninitialized>true</uninitialized>
         <run_address>0x6840</run_address>
         <size>0x22</size>
         <input_file_ref idref="fl-d"/>
      </object_component>
      <object_component id="oc-a0">
         <name>EPwm3RegsFile</name>
         <uninitialized>true</uninitialized>
         <run_address>0x6880</run_address>
         <size>0x22</size>
         <input_file_ref idref="fl-d"/>
      </object_component>
      <object_component id="oc-a5">
         <name>EPwm4RegsFile</name>
         <uninitialized>true</uninitialized>
         <run_address>0x68c0</run_address>
         <size>0x22</size>
         <input_file_ref idref="fl-d"/>
      </object_component>
      <object_component id="oc-a2">
         <name>EPwm5RegsFile</name>
         <uninitialized>true</uninitialized>
         <run_address>0x6900</run_address>
         <size>0x22</size>
         <input_file_ref idref="fl-d"/>
      </object_component>
      <object_component id="oc-a3">
         <name>EPwm6RegsFile</name>
         <uninitialized>true</uninitialized>
         <run_address>0x6940</run_address>
         <size>0x22</size>
         <input_file_ref idref="fl-d"/>
      </object_component>
      <object_component id="oc-99">
         <name>ECap1RegsFile</name>
         <uninitialized>true</uninitialized>
         <run_address>0x6a00</run_address>
         <size>0x20</size>
         <input_file_ref idref="fl-d"/>
      </object_component>
      <object_component id="oc-9a">
         <name>ECap2RegsFile</name>
         <uninitialized>true</uninitialized>
         <run_address>0x6a20</run_address>
         <size>0x20</size>
         <input_file_ref idref="fl-d"/>
      </object_component>
      <object_component id="oc-97">
         <name>ECap3RegsFile</name>
         <uninitialized>true</uninitialized>
         <run_address>0x6a40</run_address>
         <size>0x20</size>
         <input_file_ref idref="fl-d"/>
      </object_component>
      <object_component id="oc-98">
         <name>ECap4RegsFile</name>
         <uninitialized>true</uninitialized>
         <run_address>0x6a60</run_address>
         <size>0x20</size>
         <input_file_ref idref="fl-d"/>
      </object_component>
      <object_component id="oc-9d">
         <name>ECap5RegsFile</name>
         <uninitialized>true</uninitialized>
         <run_address>0x6a80</run_address>
         <size>0x20</size>
         <input_file_ref idref="fl-d"/>
      </object_component>
      <object_component id="oc-9e">
         <name>ECap6RegsFile</name>
         <uninitialized>true</uninitialized>
         <run_address>0x6aa0</run_address>
         <size>0x20</size>
         <input_file_ref idref="fl-d"/>
      </object_component>
      <object_component id="oc-b0">
         <name>EQep1RegsFile</name>
         <uninitialized>true</uninitialized>
         <run_address>0x6b00</run_address>
         <size>0x40</size>
         <input_file_ref idref="fl-d"/>
      </object_component>
      <object_component id="oc-b1">
         <name>EQep2RegsFile</name>
         <uninitialized>true</uninitialized>
         <run_address>0x6b40</run_address>
         <size>0x40</size>
         <input_file_ref idref="fl-d"/>
      </object_component>
      <object_component id="oc-a8">
         <name>GpioCtrlRegsFile</name>
         <uninitialized>true</uninitialized>
         <run_address>0x6f80</run_address>
         <size>0x2e</size>
         <input_file_ref idref="fl-d"/>
      </object_component>
      <object_component id="oc-9b">
         <name>GpioDataRegsFile</name>
         <uninitialized>true</uninitialized>
         <run_address>0x6fc0</run_address>
         <size>0x20</size>
         <input_file_ref idref="fl-d"/>
      </object_component>
      <object_component id="oc-8c">
         <name>GpioIntRegsFile</name>
         <uninitialized>true</uninitialized>
         <run_address>0x6fe0</run_address>
         <size>0xa</size>
         <input_file_ref idref="fl-d"/>
      </object_component>
      <object_component id="oc-9c">
         <name>SysCtrlRegsFile</name>
         <uninitialized>true</uninitialized>
         <run_address>0x7010</run_address>
         <size>0x20</size>
         <input_file_ref idref="fl-d"/>
      </object_component>
      <object_component id="oc-8d">
         <name>SpiaRegsFile</name>
         <uninitialized>true</uninitialized>
         <run_address>0x7040</run_address>
         <size>0x10</size>
         <input_file_ref idref="fl-d"/>
      </object_component>
      <object_component id="oc-90">
         <name>SciaRegsFile</name>
         <uninitialized>true</uninitialized>
         <run_address>0x7050</run_address>
         <size>0x10</size>
         <input_file_ref idref="fl-d"/>
      </object_component>
      <object_component id="oc-93">
         <name>XIntruptRegsFile</name>
         <uninitialized>true</uninitialized>
         <run_address>0x7070</run_address>
         <size>0x10</size>
         <input_file_ref idref="fl-d"/>
      </object_component>
      <object_component id="oc-95">
         <name>AdcRegsFile</name>
         <uninitialized>true</uninitialized>
         <run_address>0x7100</run_address>
         <size>0x1e</size>
         <input_file_ref idref="fl-d"/>
      </object_component>
      <object_component id="oc-8e">
         <name>ScibRegsFile</name>
         <uninitialized>true</uninitialized>
         <run_address>0x7750</run_address>
         <size>0x10</size>
         <input_file_ref idref="fl-d"/>
      </object_component>
      <object_component id="oc-8f">
         <name>ScicRegsFile</name>
         <uninitialized>true</uninitialized>
         <run_address>0x7770</run_address>
         <size>0x10</size>
         <input_file_ref idref="fl-d"/>
      </object_component>
      <object_component id="oc-a1">
         <name>I2caRegsFile</name>
         <uninitialized>true</uninitialized>
         <run_address>0x7900</run_address>
         <size>0x22</size>
         <input_file_ref idref="fl-d"/>
      </object_component>
      <object_component id="oc-88">
         <name>CsmPwlFile</name>
         <uninitialized>true</uninitialized>
         <run_address>0x33fff8</run_address>
         <size>0x8</size>
         <input_file_ref idref="fl-d"/>
      </object_component>
      <object_component id="oc-86">
         <name>PartIdRegsFile</name>
         <uninitialized>true</uninitialized>
         <run_address>0x380090</run_address>
         <size>0x1</size>
         <input_file_ref idref="fl-d"/>
      </object_component>
      <object_component id="oc-134">
         <name>.cinit</name>
         <load_address>0x33c4c4</load_address>
         <run_address>0x33c4c4</run_address>
         <size>0x41</size>
         <input_file_ref idref="fl-25"/>
      </object_component>
      <object_component id="oc-148">
         <name>.cinit</name>
         <load_address>0x33c505</load_address>
         <run_address>0x33c505</run_address>
         <size>0x14</size>
         <input_file_ref idref="fl-28"/>
      </object_component>
      <object_component id="oc-117">
         <name>.cinit</name>
         <load_address>0x33c519</load_address>
         <run_address>0x33c519</run_address>
         <size>0x10</size>
         <input_file_ref idref="fl-21"/>
      </object_component>
      <object_component id="oc-194">
         <name>.cinit</name>
         <load_address>0x33c529</load_address>
         <run_address>0x33c529</run_address>
         <size>0xa</size>
         <input_file_ref idref="fl-45"/>
      </object_component>
      <object_component id="oc-16a">
         <name>.cinit</name>
         <load_address>0x33c533</load_address>
         <run_address>0x33c533</run_address>
         <size>0xa</size>
         <input_file_ref idref="fl-3b"/>
      </object_component>
      <object_component id="oc-13b">
         <name>.cinit</name>
         <load_address>0x33c53d</load_address>
         <run_address>0x33c53d</run_address>
         <size>0x8</size>
         <input_file_ref idref="fl-26"/>
      </object_component>
      <object_component id="oc-126">
         <name>.cinit</name>
         <load_address>0x33c545</load_address>
         <run_address>0x33c545</run_address>
         <size>0x8</size>
         <input_file_ref idref="fl-23"/>
      </object_component>
      <object_component id="oc-12d">
         <name>.cinit</name>
         <load_address>0x33c54d</load_address>
         <run_address>0x33c54d</run_address>
         <size>0x4</size>
         <input_file_ref idref="fl-24"/>
      </object_component>
      <object_component id="oc-11f">
         <name>.cinit</name>
         <load_address>0x33c551</load_address>
         <run_address>0x33c551</run_address>
         <size>0x4</size>
         <input_file_ref idref="fl-22"/>
      </object_component>
      <object_component id="oc-fd">
         <name>.cinit</name>
         <load_address>0x33c555</load_address>
         <run_address>0x33c555</run_address>
         <size>0x4</size>
         <input_file_ref idref="fl-1c"/>
      </object_component>
      <object_component id="oc-1a3">
         <name>.cinit</name>
         <load_address>0x33c559</load_address>
         <run_address>0x33c559</run_address>
         <size>0x4</size>
         <input_file_ref idref="fl-49"/>
      </object_component>
      <object_component id="oc-fb">
         <name>.text</name>
         <load_address>0x338000</load_address>
         <run_address>0x338000</run_address>
         <size>0xb49</size>
         <input_file_ref idref="fl-1c"/>
      </object_component>
      <object_component id="oc-15e">
         <name>.text</name>
         <load_address>0x338b49</load_address>
         <run_address>0x338b49</run_address>
         <size>0x927</size>
         <input_file_ref idref="fl-39"/>
      </object_component>
      <object_component id="oc-102">
         <name>.text</name>
         <load_address>0x339470</load_address>
         <run_address>0x339470</run_address>
         <size>0x5b5</size>
         <input_file_ref idref="fl-1d"/>
      </object_component>
      <object_component id="oc-14e">
         <name>.text</name>
         <load_address>0x339a25</load_address>
         <run_address>0x339a25</run_address>
         <size>0x58f</size>
         <input_file_ref idref="fl-29"/>
      </object_component>
      <object_component id="oc-d6">
         <name>.text</name>
         <load_address>0x339fb4</load_address>
         <run_address>0x339fb4</run_address>
         <size>0x3f5</size>
         <input_file_ref idref="fl-14"/>
      </object_component>
      <object_component id="oc-146">
         <name>.text</name>
         <load_address>0x33a3a9</load_address>
         <run_address>0x33a3a9</run_address>
         <size>0x36d</size>
         <input_file_ref idref="fl-28"/>
      </object_component>
      <object_component id="oc-d2">
         <name>.text:retain</name>
         <load_address>0x33a716</load_address>
         <run_address>0x33a716</run_address>
         <size>0x316</size>
         <input_file_ref idref="fl-13"/>
      </object_component>
      <object_component id="oc-111">
         <name>.text</name>
         <load_address>0x33aa2c</load_address>
         <run_address>0x33aa2c</run_address>
         <size>0x23f</size>
         <input_file_ref idref="fl-20"/>
      </object_component>
      <object_component id="oc-119">
         <name>.text:retain</name>
         <load_address>0x33ac6b</load_address>
         <run_address>0x33ac6b</run_address>
         <size>0x1ed</size>
         <input_file_ref idref="fl-21"/>
      </object_component>
      <object_component id="oc-139">
         <name>.text</name>
         <load_address>0x33ae58</load_address>
         <run_address>0x33ae58</run_address>
         <size>0x1df</size>
         <input_file_ref idref="fl-26"/>
      </object_component>
      <object_component id="oc-10c">
         <name>.text</name>
         <load_address>0x33b037</load_address>
         <run_address>0x33b037</run_address>
         <size>0x1ad</size>
         <input_file_ref idref="fl-1f"/>
      </object_component>
      <object_component id="oc-132">
         <name>.text</name>
         <load_address>0x33b1e4</load_address>
         <run_address>0x33b1e4</run_address>
         <size>0x1a0</size>
         <input_file_ref idref="fl-25"/>
      </object_component>
      <object_component id="oc-76">
         <name>.text</name>
         <load_address>0x33b384</load_address>
         <run_address>0x33b384</run_address>
         <size>0x16c</size>
         <input_file_ref idref="fl-a"/>
      </object_component>
      <object_component id="oc-c8">
         <name>.text</name>
         <load_address>0x33b4f0</load_address>
         <run_address>0x33b4f0</run_address>
         <size>0x132</size>
         <input_file_ref idref="fl-11"/>
      </object_component>
      <object_component id="oc-140">
         <name>.text</name>
         <load_address>0x33b622</load_address>
         <run_address>0x33b622</run_address>
         <size>0x105</size>
         <input_file_ref idref="fl-27"/>
      </object_component>
      <object_component id="oc-51">
         <name>.text</name>
         <load_address>0x33b727</load_address>
         <run_address>0x33b727</run_address>
         <size>0xf6</size>
         <input_file_ref idref="fl-3"/>
      </object_component>
      <object_component id="oc-56">
         <name>.text</name>
         <load_address>0x33b81d</load_address>
         <run_address>0x33b81d</run_address>
         <size>0xf3</size>
         <input_file_ref idref="fl-4"/>
      </object_component>
      <object_component id="oc-be">
         <name>.text</name>
         <load_address>0x33b910</load_address>
         <run_address>0x33b910</run_address>
         <size>0xc8</size>
         <input_file_ref idref="fl-f"/>
      </object_component>
      <object_component id="oc-f5">
         <name>.text</name>
         <load_address>0x33b9d8</load_address>
         <run_address>0x33b9d8</run_address>
         <size>0xc8</size>
         <input_file_ref idref="fl-1b"/>
      </object_component>
      <object_component id="oc-186">
         <name>.text</name>
         <load_address>0x33baa0</load_address>
         <run_address>0x33baa0</run_address>
         <size>0xa7</size>
         <input_file_ref idref="fl-42"/>
      </object_component>
      <object_component id="oc-16e">
         <name>.text</name>
         <load_address>0x33bb47</load_address>
         <run_address>0x33bb47</run_address>
         <size>0x88</size>
         <input_file_ref idref="fl-3c"/>
      </object_component>
      <object_component id="oc-107">
         <name>.text</name>
         <load_address>0x33bbcf</load_address>
         <run_address>0x33bbcf</run_address>
         <size>0x81</size>
         <input_file_ref idref="fl-1e"/>
      </object_component>
      <object_component id="oc-17e">
         <name>.text</name>
         <load_address>0x33bc50</load_address>
         <run_address>0x33bc50</run_address>
         <size>0x75</size>
         <input_file_ref idref="fl-40"/>
      </object_component>
      <object_component id="oc-df">
         <name>.text</name>
         <load_address>0x33bcc5</load_address>
         <run_address>0x33bcc5</run_address>
         <size>0x74</size>
         <input_file_ref idref="fl-16"/>
      </object_component>
      <object_component id="oc-182">
         <name>.text</name>
         <load_address>0x33bd39</load_address>
         <run_address>0x33bd39</run_address>
         <size>0x6f</size>
         <input_file_ref idref="fl-41"/>
      </object_component>
      <object_component id="oc-158">
         <name>.text</name>
         <load_address>0x33bda8</load_address>
         <run_address>0x33bda8</run_address>
         <size>0x60</size>
         <input_file_ref idref="fl-2b"/>
      </object_component>
      <object_component id="oc-18a">
         <name>.text</name>
         <load_address>0x33be08</load_address>
         <run_address>0x33be08</run_address>
         <size>0x5e</size>
         <input_file_ref idref="fl-43"/>
      </object_component>
      <object_component id="oc-c3">
         <name>.text</name>
         <load_address>0x33be66</load_address>
         <run_address>0x33be66</run_address>
         <size>0x5c</size>
         <input_file_ref idref="fl-10"/>
      </object_component>
      <object_component id="oc-18e">
         <name>.text</name>
         <load_address>0x33bec2</load_address>
         <run_address>0x33bec2</run_address>
         <size>0x5c</size>
         <input_file_ref idref="fl-44"/>
      </object_component>
      <object_component id="oc-b9">
         <name>.text</name>
         <load_address>0x33bf1e</load_address>
         <run_address>0x33bf1e</run_address>
         <size>0x56</size>
         <input_file_ref idref="fl-e"/>
      </object_component>
      <object_component id="oc-11d">
         <name>.text</name>
         <load_address>0x33bf74</load_address>
         <run_address>0x33bf74</run_address>
         <size>0x4b</size>
         <input_file_ref idref="fl-22"/>
      </object_component>
      <object_component id="oc-61">
         <name>.text</name>
         <load_address>0x33bfbf</load_address>
         <run_address>0x33bfbf</run_address>
         <size>0x48</size>
         <input_file_ref idref="fl-6"/>
      </object_component>
      <object_component id="oc-4c">
         <name>.text</name>
         <load_address>0x33c007</load_address>
         <run_address>0x33c007</run_address>
         <size>0x46</size>
         <input_file_ref idref="fl-3a"/>
      </object_component>
      <object_component id="oc-12b">
         <name>.text</name>
         <load_address>0x33c04d</load_address>
         <run_address>0x33c04d</run_address>
         <size>0x42</size>
         <input_file_ref idref="fl-24"/>
      </object_component>
      <object_component id="oc-124">
         <name>.text</name>
         <load_address>0x33c08f</load_address>
         <run_address>0x33c08f</run_address>
         <size>0x3f</size>
         <input_file_ref idref="fl-23"/>
      </object_component>
      <object_component id="oc-19c">
         <name>.text</name>
         <load_address>0x33c0ce</load_address>
         <run_address>0x33c0ce</run_address>
         <size>0x31</size>
         <input_file_ref idref="fl-47"/>
      </object_component>
      <object_component id="oc-5c">
         <name>.text</name>
         <load_address>0x33c0ff</load_address>
         <run_address>0x33c0ff</run_address>
         <size>0x2a</size>
         <input_file_ref idref="fl-5"/>
      </object_component>
      <object_component id="oc-172">
         <name>.text</name>
         <load_address>0x33c129</load_address>
         <run_address>0x33c129</run_address>
         <size>0x2a</size>
         <input_file_ref idref="fl-3d"/>
      </object_component>
      <object_component id="oc-6c">
         <name>.text</name>
         <load_address>0x33c153</load_address>
         <run_address>0x33c153</run_address>
         <size>0x28</size>
         <input_file_ref idref="fl-8"/>
      </object_component>
      <object_component id="oc-176">
         <name>.text</name>
         <load_address>0x33c17b</load_address>
         <run_address>0x33c17b</run_address>
         <size>0x21</size>
         <input_file_ref idref="fl-3e"/>
      </object_component>
      <object_component id="oc-66">
         <name>.text</name>
         <load_address>0x33c19c</load_address>
         <run_address>0x33c19c</run_address>
         <size>0x20</size>
         <input_file_ref idref="fl-7"/>
      </object_component>
      <object_component id="oc-17a">
         <name>.text</name>
         <load_address>0x33c1bc</load_address>
         <run_address>0x33c1bc</run_address>
         <size>0x20</size>
         <input_file_ref idref="fl-3f"/>
      </object_component>
      <object_component id="oc-198">
         <name>.text</name>
         <load_address>0x33c1dc</load_address>
         <run_address>0x33c1dc</run_address>
         <size>0x1b</size>
         <input_file_ref idref="fl-46"/>
      </object_component>
      <object_component id="oc-168">
         <name>.text</name>
         <load_address>0x33c1f7</load_address>
         <run_address>0x33c1f7</run_address>
         <size>0x19</size>
         <input_file_ref idref="fl-3b"/>
      </object_component>
      <object_component id="oc-80">
         <name>.text</name>
         <load_address>0x33c210</load_address>
         <run_address>0x33c210</run_address>
         <size>0x17</size>
         <input_file_ref idref="fl-c"/>
      </object_component>
      <object_component id="oc-7b">
         <name>.text</name>
         <load_address>0x33c227</load_address>
         <run_address>0x33c227</run_address>
         <size>0x17</size>
         <input_file_ref idref="fl-b"/>
      </object_component>
      <object_component id="oc-71">
         <name>.text</name>
         <load_address>0x33c23e</load_address>
         <run_address>0x33c23e</run_address>
         <size>0x15</size>
         <input_file_ref idref="fl-9"/>
      </object_component>
      <object_component id="oc-ec">
         <name>.text</name>
         <load_address>0x33c253</load_address>
         <run_address>0x33c253</run_address>
         <size>0x14</size>
         <input_file_ref idref="fl-19"/>
      </object_component>
      <object_component id="oc-1a6">
         <name>.text</name>
         <load_address>0x33c267</load_address>
         <run_address>0x33c267</run_address>
         <size>0xa</size>
         <input_file_ref idref="fl-4a"/>
      </object_component>
      <object_component id="oc-192">
         <name>.text</name>
         <load_address>0x33c271</load_address>
         <run_address>0x33c271</run_address>
         <size>0x9</size>
         <input_file_ref idref="fl-45"/>
      </object_component>
      <object_component id="oc-e5">
         <name>.text</name>
         <load_address>0x33c27a</load_address>
         <run_address>0x33c27a</run_address>
         <size>0x8</size>
         <input_file_ref idref="fl-17"/>
      </object_component>
      <object_component id="oc-cd">
         <name>.text</name>
         <load_address>0x33c282</load_address>
         <run_address>0x33c282</run_address>
         <size>0x7</size>
         <input_file_ref idref="fl-12"/>
      </object_component>
      <object_component id="oc-153">
         <name>.text</name>
         <load_address>0x33c289</load_address>
         <run_address>0x33c289</run_address>
         <size>0x5</size>
         <input_file_ref idref="fl-2a"/>
      </object_component>
      <object_component id="oc-db">
         <name>.text</name>
         <load_address>0x33c28e</load_address>
         <run_address>0x33c28e</run_address>
         <size>0x3</size>
         <input_file_ref idref="fl-15"/>
      </object_component>
      <object_component id="oc-e6">
         <name>codestart</name>
         <load_address>0x33fff6</load_address>
         <run_address>0x33fff6</run_address>
         <size>0x2</size>
         <input_file_ref idref="fl-17"/>
      </object_component>
      <object_component id="oc-58">
         <name>ramfuncs</name>
         <load_address>0x320000</load_address>
         <run_address>0x8000</run_address>
         <size>0x1b</size>
         <input_file_ref idref="fl-4"/>
      </object_component>
      <object_component id="oc-4d">
         <name>ramfuncs</name>
         <load_address>0x32001b</load_address>
         <run_address>0x801b</run_address>
         <size>0x4</size>
         <input_file_ref idref="fl-2"/>
      </object_component>
      <object_component id="oc-ea">
         <name>csmpasswds</name>
         <load_address>0x33fff8</load_address>
         <run_address>0x33fff8</run_address>
         <size>0x8</size>
         <input_file_ref idref="fl-18"/>
      </object_component>
      <object_component id="oc-eb">
         <name>csm_rsvd</name>
         <load_address>0x33ff80</load_address>
         <run_address>0x33ff80</run_address>
         <size>0x76</size>
         <input_file_ref idref="fl-18"/>
      </object_component>
      <object_component id="oc-163">
         <name>.stack</name>
         <uninitialized>true</uninitialized>
         <run_address>0xe000</run_address>
         <size>0x0</size>
         <input_file_ref idref="fl-3a"/>
      </object_component>
      <object_component id="oc-201">
         <name>.stack</name>
         <uninitialized>true</uninitialized>
         <run_address>0xe000</run_address>
         <size>0x0</size>
      </object_component>
      <object_component id="oc-e1">
         <name>.ebss</name>
         <uninitialized>true</uninitialized>
         <run_address>0xd024</run_address>
         <size>0x18</size>
         <input_file_ref idref="fl-16"/>
      </object_component>
      <object_component id="oc-f7">
         <name>.ebss</name>
         <uninitialized>true</uninitialized>
         <run_address>0xc000</run_address>
         <size>0xcce</size>
         <input_file_ref idref="fl-1b"/>
      </object_component>
      <object_component id="oc-fe">
         <name>.ebss</name>
         <uninitialized>true</uninitialized>
         <run_address>0xd207</run_address>
         <size>0x1</size>
         <input_file_ref idref="fl-1c"/>
      </object_component>
      <object_component id="oc-118">
         <name>.ebss</name>
         <uninitialized>true</uninitialized>
         <run_address>0xd20e</run_address>
         <size>0x5</size>
         <input_file_ref idref="fl-21"/>
      </object_component>
      <object_component id="oc-120">
         <name>.ebss</name>
         <uninitialized>true</uninitialized>
         <run_address>0xd200</run_address>
         <size>0x7</size>
         <input_file_ref idref="fl-22"/>
      </object_component>
      <object_component id="oc-127">
         <name>.ebss</name>
         <uninitialized>true</uninitialized>
         <run_address>0xd03c</run_address>
         <size>0x4</size>
         <input_file_ref idref="fl-23"/>
      </object_component>
      <object_component id="oc-12e">
         <name>.ebss</name>
         <uninitialized>true</uninitialized>
         <run_address>0xd21c</run_address>
         <size>0x2</size>
         <input_file_ref idref="fl-24"/>
      </object_component>
      <object_component id="oc-135">
         <name>.ebss</name>
         <uninitialized>true</uninitialized>
         <run_address>0xccce</run_address>
         <size>0x32</size>
         <input_file_ref idref="fl-25"/>
      </object_component>
      <object_component id="oc-13c">
         <name>.ebss</name>
         <uninitialized>true</uninitialized>
         <run_address>0xcd00</run_address>
         <size>0x324</size>
         <input_file_ref idref="fl-26"/>
      </object_component>
      <object_component id="oc-142">
         <name>.ebss</name>
         <uninitialized>true</uninitialized>
         <run_address>0xd1c8</run_address>
         <size>0x38</size>
         <input_file_ref idref="fl-27"/>
      </object_component>
      <object_component id="oc-149">
         <name>.ebss</name>
         <uninitialized>true</uninitialized>
         <run_address>0xd040</run_address>
         <size>0x188</size>
         <input_file_ref idref="fl-28"/>
      </object_component>
      <object_component id="oc-15a">
         <name>.ebss</name>
         <uninitialized>true</uninitialized>
         <run_address>0xd208</run_address>
         <size>0x6</size>
         <input_file_ref idref="fl-2b"/>
      </object_component>
      <object_component id="oc-16b">
         <name>.ebss</name>
         <uninitialized>true</uninitialized>
         <run_address>0xd218</run_address>
         <size>0x4</size>
         <input_file_ref idref="fl-3b"/>
      </object_component>
      <object_component id="oc-195">
         <name>.ebss</name>
         <uninitialized>true</uninitialized>
         <run_address>0xd214</run_address>
         <size>0x4</size>
         <input_file_ref idref="fl-45"/>
      </object_component>
      <object_component id="oc-1a4">
         <name>.ebss</name>
         <uninitialized>true</uninitialized>
         <run_address>0xd213</run_address>
         <size>0x1</size>
         <input_file_ref idref="fl-49"/>
      </object_component>
      <object_component id="oc-1ad">
         <name>.econst:__ctypes_</name>
         <load_address>0x33c292</load_address>
         <run_address>0x33c292</run_address>
         <size>0x101</size>
         <input_file_ref idref="fl-48"/>
      </object_component>
      <object_component id="oc-68">
         <name>.econst</name>
         <load_address>0x33c394</load_address>
         <run_address>0x33c394</run_address>
         <size>0x100</size>
         <input_file_ref idref="fl-7"/>
      </object_component>
      <object_component id="oc-14a">
         <name>.econst:.string</name>
         <load_address>0x33c494</load_address>
         <run_address>0x33c494</run_address>
         <size>0x1c</size>
         <input_file_ref idref="fl-28"/>
      </object_component>
      <object_component id="oc-1ab">
         <name>.econst:_a$1</name>
         <load_address>0x33c4b0</load_address>
         <run_address>0x33c4b0</run_address>
         <size>0x8</size>
         <input_file_ref idref="fl-41"/>
      </object_component>
      <object_component id="oc-1ac">
         <name>.econst:_a$1</name>
         <load_address>0x33c4b8</load_address>
         <run_address>0x33c4b8</run_address>
         <size>0x8</size>
         <input_file_ref idref="fl-42"/>
      </object_component>
      <object_component id="oc-1aa">
         <name>.econst:_c$1</name>
         <load_address>0x33c4c0</load_address>
         <run_address>0x33c4c0</run_address>
         <size>0x4</size>
         <input_file_ref idref="fl-40"/>
      </object_component>
      <object_component id="oc-164">
         <name>.reset</name>
         <load_address>0x3fffc0</load_address>
         <run_address>0x3fffc0</run_address>
         <size>0x2</size>
         <input_file_ref idref="fl-3a"/>
      </object_component>
      <object_component id="oc-f1">
         <name>.adc_cal</name>
         <load_address>0x380080</load_address>
         <run_address>0x380080</run_address>
         <size>0x7</size>
         <input_file_ref idref="fl-1a"/>
      </object_component>
      <object_component id="oc-4e">
         <name>.debug_info</name>
         <load_address>0x0</load_address>
         <run_address>0x0</run_address>
         <size>0x10f</size>
         <input_file_ref idref="fl-2"/>
      </object_component>
      <object_component id="oc-52">
         <name>.debug_info</name>
         <load_address>0x10f</load_address>
         <run_address>0x10f</run_address>
         <size>0x225b</size>
         <input_file_ref idref="fl-3"/>
      </object_component>
      <object_component id="oc-57">
         <name>.debug_info</name>
         <load_address>0x236a</load_address>
         <run_address>0x236a</run_address>
         <size>0x2055</size>
         <input_file_ref idref="fl-4"/>
      </object_component>
      <object_component id="oc-5d">
         <name>.debug_info</name>
         <load_address>0x43bf</load_address>
         <run_address>0x43bf</run_address>
         <size>0x1c9b</size>
         <input_file_ref idref="fl-5"/>
      </object_component>
      <object_component id="oc-62">
         <name>.debug_info</name>
         <load_address>0x605a</load_address>
         <run_address>0x605a</run_address>
         <size>0x1d8d</size>
         <input_file_ref idref="fl-6"/>
      </object_component>
      <object_component id="oc-67">
         <name>.debug_info</name>
         <load_address>0x7de7</load_address>
         <run_address>0x7de7</run_address>
         <size>0x22bf</size>
         <input_file_ref idref="fl-7"/>
      </object_component>
      <object_component id="oc-6d">
         <name>.debug_info</name>
         <load_address>0xa0a6</load_address>
         <run_address>0xa0a6</run_address>
         <size>0xb5d</size>
         <input_file_ref idref="fl-8"/>
      </object_component>
      <object_component id="oc-72">
         <name>.debug_info</name>
         <load_address>0xac03</load_address>
         <run_address>0xac03</run_address>
         <size>0x494</size>
         <input_file_ref idref="fl-9"/>
      </object_component>
      <object_component id="oc-77">
         <name>.debug_info</name>
         <load_address>0xb097</load_address>
         <run_address>0xb097</run_address>
         <size>0x51b1</size>
         <input_file_ref idref="fl-a"/>
      </object_component>
      <object_component id="oc-7c">
         <name>.debug_info</name>
         <load_address>0x10248</load_address>
         <run_address>0x10248</run_address>
         <size>0x1c22</size>
         <input_file_ref idref="fl-b"/>
      </object_component>
      <object_component id="oc-81">
         <name>.debug_info</name>
         <load_address>0x11e6a</load_address>
         <run_address>0x11e6a</run_address>
         <size>0x1bc4</size>
         <input_file_ref idref="fl-c"/>
      </object_component>
      <object_component id="oc-85">
         <name>.debug_info</name>
         <load_address>0x13a2e</load_address>
         <run_address>0x13a2e</run_address>
         <size>0x12f0e</size>
         <input_file_ref idref="fl-d"/>
      </object_component>
      <object_component id="oc-ba">
         <name>.debug_info</name>
         <load_address>0x2693c</load_address>
         <run_address>0x2693c</run_address>
         <size>0x1d27</size>
         <input_file_ref idref="fl-e"/>
      </object_component>
      <object_component id="oc-bf">
         <name>.debug_info</name>
         <load_address>0x28663</load_address>
         <run_address>0x28663</run_address>
         <size>0x1ff3</size>
         <input_file_ref idref="fl-f"/>
      </object_component>
      <object_component id="oc-c4">
         <name>.debug_info</name>
         <load_address>0x2a656</load_address>
         <run_address>0x2a656</run_address>
         <size>0x1f1f</size>
         <input_file_ref idref="fl-10"/>
      </object_component>
      <object_component id="oc-c9">
         <name>.debug_info</name>
         <load_address>0x2c575</load_address>
         <run_address>0x2c575</run_address>
         <size>0x5f4a</size>
         <input_file_ref idref="fl-11"/>
      </object_component>
      <object_component id="oc-ce">
         <name>.debug_info</name>
         <load_address>0x324bf</load_address>
         <run_address>0x324bf</run_address>
         <size>0x113</size>
         <input_file_ref idref="fl-12"/>
      </object_component>
      <object_component id="oc-d1">
         <name>.debug_info</name>
         <load_address>0x325d2</load_address>
         <run_address>0x325d2</run_address>
         <size>0x251c</size>
         <input_file_ref idref="fl-13"/>
      </object_component>
      <object_component id="oc-d7">
         <name>.debug_info</name>
         <load_address>0x34aee</load_address>
         <run_address>0x34aee</run_address>
         <size>0x3d0a</size>
         <input_file_ref idref="fl-14"/>
      </object_component>
      <object_component id="oc-dc">
         <name>.debug_info</name>
         <load_address>0x387f8</load_address>
         <run_address>0x387f8</run_address>
         <size>0x10d</size>
         <input_file_ref idref="fl-15"/>
      </object_component>
      <object_component id="oc-e0">
         <name>.debug_info</name>
         <load_address>0x38905</load_address>
         <run_address>0x38905</run_address>
         <size>0x9a9</size>
         <input_file_ref idref="fl-16"/>
      </object_component>
      <object_component id="oc-e7">
         <name>.debug_info</name>
         <load_address>0x392ae</load_address>
         <run_address>0x392ae</run_address>
         <size>0x154</size>
         <input_file_ref idref="fl-17"/>
      </object_component>
      <object_component id="oc-ed">
         <name>.debug_info</name>
         <load_address>0x39402</load_address>
         <run_address>0x39402</run_address>
         <size>0x1e7b</size>
         <input_file_ref idref="fl-19"/>
      </object_component>
      <object_component id="oc-f2">
         <name>.debug_info</name>
         <load_address>0x3b27d</load_address>
         <run_address>0x3b27d</run_address>
         <size>0x10f</size>
         <input_file_ref idref="fl-1a"/>
      </object_component>
      <object_component id="oc-f6">
         <name>.debug_info</name>
         <load_address>0x3b38c</load_address>
         <run_address>0x3b38c</run_address>
         <size>0x4d35</size>
         <input_file_ref idref="fl-1b"/>
      </object_component>
      <object_component id="oc-fc">
         <name>.debug_info</name>
         <load_address>0x400c1</load_address>
         <run_address>0x400c1</run_address>
         <size>0x1fb7</size>
         <input_file_ref idref="fl-1c"/>
      </object_component>
      <object_component id="oc-103">
         <name>.debug_info</name>
         <load_address>0x42078</load_address>
         <run_address>0x42078</run_address>
         <size>0x171c</size>
         <input_file_ref idref="fl-1d"/>
      </object_component>
      <object_component id="oc-108">
         <name>.debug_info</name>
         <load_address>0x43794</load_address>
         <run_address>0x43794</run_address>
         <size>0x31ab</size>
         <input_file_ref idref="fl-1e"/>
      </object_component>
      <object_component id="oc-10d">
         <name>.debug_info</name>
         <load_address>0x4693f</load_address>
         <run_address>0x4693f</run_address>
         <size>0x8e8</size>
         <input_file_ref idref="fl-1f"/>
      </object_component>
      <object_component id="oc-112">
         <name>.debug_info</name>
         <load_address>0x47227</load_address>
         <run_address>0x47227</run_address>
         <size>0xb4b</size>
         <input_file_ref idref="fl-20"/>
      </object_component>
      <object_component id="oc-116">
         <name>.debug_info</name>
         <load_address>0x47d72</load_address>
         <run_address>0x47d72</run_address>
         <size>0x50f8</size>
         <input_file_ref idref="fl-21"/>
      </object_component>
      <object_component id="oc-11e">
         <name>.debug_info</name>
         <load_address>0x4ce6a</load_address>
         <run_address>0x4ce6a</run_address>
         <size>0x11b9</size>
         <input_file_ref idref="fl-22"/>
      </object_component>
      <object_component id="oc-125">
         <name>.debug_info</name>
         <load_address>0x4e023</load_address>
         <run_address>0x4e023</run_address>
         <size>0xdc9</size>
         <input_file_ref idref="fl-23"/>
      </object_component>
      <object_component id="oc-12c">
         <name>.debug_info</name>
         <load_address>0x4edec</load_address>
         <run_address>0x4edec</run_address>
         <size>0x665</size>
         <input_file_ref idref="fl-24"/>
      </object_component>
      <object_component id="oc-133">
         <name>.debug_info</name>
         <load_address>0x4f451</load_address>
         <run_address>0x4f451</run_address>
         <size>0xce5</size>
         <input_file_ref idref="fl-25"/>
      </object_component>
      <object_component id="oc-13a">
         <name>.debug_info</name>
         <load_address>0x50136</load_address>
         <run_address>0x50136</run_address>
         <size>0xaf0</size>
         <input_file_ref idref="fl-26"/>
      </object_component>
      <object_component id="oc-141">
         <name>.debug_info</name>
         <load_address>0x50c26</load_address>
         <run_address>0x50c26</run_address>
         <size>0x1987</size>
         <input_file_ref idref="fl-27"/>
      </object_component>
      <object_component id="oc-147">
         <name>.debug_info</name>
         <load_address>0x525ad</load_address>
         <run_address>0x525ad</run_address>
         <size>0x17cf</size>
         <input_file_ref idref="fl-28"/>
      </object_component>
      <object_component id="oc-14f">
         <name>.debug_info</name>
         <load_address>0x53d7c</load_address>
         <run_address>0x53d7c</run_address>
         <size>0x181e</size>
         <input_file_ref idref="fl-29"/>
      </object_component>
      <object_component id="oc-154">
         <name>.debug_info</name>
         <load_address>0x5559a</load_address>
         <run_address>0x5559a</run_address>
         <size>0xaf2</size>
         <input_file_ref idref="fl-2a"/>
      </object_component>
      <object_component id="oc-159">
         <name>.debug_info</name>
         <load_address>0x5608c</load_address>
         <run_address>0x5608c</run_address>
         <size>0x2028</size>
         <input_file_ref idref="fl-2b"/>
      </object_component>
      <object_component id="oc-15f">
         <name>.debug_info</name>
         <load_address>0x580b4</load_address>
         <run_address>0x580b4</run_address>
         <size>0x1ae1</size>
         <input_file_ref idref="fl-39"/>
      </object_component>
      <object_component id="oc-165">
         <name>.debug_info</name>
         <load_address>0x59b95</load_address>
         <run_address>0x59b95</run_address>
         <size>0x119</size>
         <input_file_ref idref="fl-3a"/>
      </object_component>
      <object_component id="oc-169">
         <name>.debug_info</name>
         <load_address>0x59cae</load_address>
         <run_address>0x59cae</run_address>
         <size>0x693</size>
         <input_file_ref idref="fl-3b"/>
      </object_component>
      <object_component id="oc-16f">
         <name>.debug_info</name>
         <load_address>0x5a341</load_address>
         <run_address>0x5a341</run_address>
         <size>0xfb</size>
         <input_file_ref idref="fl-3c"/>
      </object_component>
      <object_component id="oc-173">
         <name>.debug_info</name>
         <load_address>0x5a43c</load_address>
         <run_address>0x5a43c</run_address>
         <size>0x189</size>
         <input_file_ref idref="fl-3d"/>
      </object_component>
      <object_component id="oc-177">
         <name>.debug_info</name>
         <load_address>0x5a5c5</load_address>
         <run_address>0x5a5c5</run_address>
         <size>0x6c8</size>
         <input_file_ref idref="fl-3e"/>
      </object_component>
      <object_component id="oc-17b">
         <name>.debug_info</name>
         <load_address>0x5ac8d</load_address>
         <run_address>0x5ac8d</run_address>
         <size>0x530</size>
         <input_file_ref idref="fl-3f"/>
      </object_component>
      <object_component id="oc-17f">
         <name>.debug_info</name>
         <load_address>0x5b1bd</load_address>
         <run_address>0x5b1bd</run_address>
         <size>0x4cb</size>
         <input_file_ref idref="fl-40"/>
      </object_component>
      <object_component id="oc-183">
         <name>.debug_info</name>
         <load_address>0x5b688</load_address>
         <run_address>0x5b688</run_address>
         <size>0x4a1</size>
         <input_file_ref idref="fl-41"/>
      </object_component>
      <object_component id="oc-187">
         <name>.debug_info</name>
         <load_address>0x5bb29</load_address>
         <run_address>0x5bb29</run_address>
         <size>0x4d5</size>
         <input_file_ref idref="fl-42"/>
      </object_component>
      <object_component id="oc-18b">
         <name>.debug_info</name>
         <load_address>0x5bffe</load_address>
         <run_address>0x5bffe</run_address>
         <size>0x472</size>
         <input_file_ref idref="fl-43"/>
      </object_component>
      <object_component id="oc-18f">
         <name>.debug_info</name>
         <load_address>0x5c470</load_address>
         <run_address>0x5c470</run_address>
         <size>0x472</size>
         <input_file_ref idref="fl-44"/>
      </object_component>
      <object_component id="oc-193">
         <name>.debug_info</name>
         <load_address>0x5c8e2</load_address>
         <run_address>0x5c8e2</run_address>
         <size>0x583</size>
         <input_file_ref idref="fl-45"/>
      </object_component>
      <object_component id="oc-199">
         <name>.debug_info</name>
         <load_address>0x5ce65</load_address>
         <run_address>0x5ce65</run_address>
         <size>0x535</size>
         <input_file_ref idref="fl-46"/>
      </object_component>
      <object_component id="oc-19d">
         <name>.debug_info</name>
         <load_address>0x5d39a</load_address>
         <run_address>0x5d39a</run_address>
         <size>0x6ca</size>
         <input_file_ref idref="fl-47"/>
      </object_component>
      <object_component id="oc-1a0">
         <name>.debug_info</name>
         <load_address>0x5da64</load_address>
         <run_address>0x5da64</run_address>
         <size>0x43b</size>
         <input_file_ref idref="fl-48"/>
      </object_component>
      <object_component id="oc-1a2">
         <name>.debug_info</name>
         <load_address>0x5de9f</load_address>
         <run_address>0x5de9f</run_address>
         <size>0x41e</size>
         <input_file_ref idref="fl-49"/>
      </object_component>
      <object_component id="oc-1a7">
         <name>.debug_info</name>
         <load_address>0x5e2bd</load_address>
         <run_address>0x5e2bd</run_address>
         <size>0x570</size>
         <input_file_ref idref="fl-4a"/>
      </object_component>
      <object_component id="oc-202">
         <name>.debug_info</name>
         <load_address>0x5e82d</load_address>
         <run_address>0x5e82d</run_address>
         <size>0x6f</size>
      </object_component>
      <object_component id="oc-4f">
         <name>.debug_line</name>
         <load_address>0x0</load_address>
         <run_address>0x0</run_address>
         <size>0x4d</size>
         <input_file_ref idref="fl-2"/>
      </object_component>
      <object_component id="oc-54">
         <name>.debug_line</name>
         <load_address>0x4d</load_address>
         <run_address>0x4d</run_address>
         <size>0xfa</size>
         <input_file_ref idref="fl-3"/>
      </object_component>
      <object_component id="oc-5a">
         <name>.debug_line</name>
         <load_address>0x147</load_address>
         <run_address>0x147</run_address>
         <size>0x16a</size>
         <input_file_ref idref="fl-4"/>
      </object_component>
      <object_component id="oc-5f">
         <name>.debug_line</name>
         <load_address>0x2b1</load_address>
         <run_address>0x2b1</run_address>
         <size>0x85</size>
         <input_file_ref idref="fl-5"/>
      </object_component>
      <object_component id="oc-64">
         <name>.debug_line</name>
         <load_address>0x336</load_address>
         <run_address>0x336</run_address>
         <size>0xce</size>
         <input_file_ref idref="fl-6"/>
      </object_component>
      <object_component id="oc-6a">
         <name>.debug_line</name>
         <load_address>0x404</load_address>
         <run_address>0x404</run_address>
         <size>0x6d</size>
         <input_file_ref idref="fl-7"/>
      </object_component>
      <object_component id="oc-6f">
         <name>.debug_line</name>
         <load_address>0x471</load_address>
         <run_address>0x471</run_address>
         <size>0x8b</size>
         <input_file_ref idref="fl-8"/>
      </object_component>
      <object_component id="oc-74">
         <name>.debug_line</name>
         <load_address>0x4fc</load_address>
         <run_address>0x4fc</run_address>
         <size>0x5c</size>
         <input_file_ref idref="fl-9"/>
      </object_component>
      <object_component id="oc-79">
         <name>.debug_line</name>
         <load_address>0x558</load_address>
         <run_address>0x558</run_address>
         <size>0x2c9</size>
         <input_file_ref idref="fl-a"/>
      </object_component>
      <object_component id="oc-7e">
         <name>.debug_line</name>
         <load_address>0x821</load_address>
         <run_address>0x821</run_address>
         <size>0x6d</size>
         <input_file_ref idref="fl-b"/>
      </object_component>
      <object_component id="oc-83">
         <name>.debug_line</name>
         <load_address>0x88e</load_address>
         <run_address>0x88e</run_address>
         <size>0x5f</size>
         <input_file_ref idref="fl-c"/>
      </object_component>
      <object_component id="oc-bc">
         <name>.debug_line</name>
         <load_address>0x8ed</load_address>
         <run_address>0x8ed</run_address>
         <size>0xb1</size>
         <input_file_ref idref="fl-e"/>
      </object_component>
      <object_component id="oc-c1">
         <name>.debug_line</name>
         <load_address>0x99e</load_address>
         <run_address>0x99e</run_address>
         <size>0x16d</size>
         <input_file_ref idref="fl-f"/>
      </object_component>
      <object_component id="oc-c6">
         <name>.debug_line</name>
         <load_address>0xb0b</load_address>
         <run_address>0xb0b</run_address>
         <size>0x11e</size>
         <input_file_ref idref="fl-10"/>
      </object_component>
      <object_component id="oc-cb">
         <name>.debug_line</name>
         <load_address>0xc29</load_address>
         <run_address>0xc29</run_address>
         <size>0x1a8</size>
         <input_file_ref idref="fl-11"/>
      </object_component>
      <object_component id="oc-cf">
         <name>.debug_line</name>
         <load_address>0xdd1</load_address>
         <run_address>0xdd1</run_address>
         <size>0x50</size>
         <input_file_ref idref="fl-12"/>
      </object_component>
      <object_component id="oc-d4">
         <name>.debug_line</name>
         <load_address>0xe21</load_address>
         <run_address>0xe21</run_address>
         <size>0x754</size>
         <input_file_ref idref="fl-13"/>
      </object_component>
      <object_component id="oc-d9">
         <name>.debug_line</name>
         <load_address>0x1575</load_address>
         <run_address>0x1575</run_address>
         <size>0x4c0</size>
         <input_file_ref idref="fl-14"/>
      </object_component>
      <object_component id="oc-dd">
         <name>.debug_line</name>
         <load_address>0x1a35</load_address>
         <run_address>0x1a35</run_address>
         <size>0x4c</size>
         <input_file_ref idref="fl-15"/>
      </object_component>
      <object_component id="oc-e3">
         <name>.debug_line</name>
         <load_address>0x1a81</load_address>
         <run_address>0x1a81</run_address>
         <size>0x89</size>
         <input_file_ref idref="fl-16"/>
      </object_component>
      <object_component id="oc-e8">
         <name>.debug_line</name>
         <load_address>0x1b0a</load_address>
         <run_address>0x1b0a</run_address>
         <size>0x66</size>
         <input_file_ref idref="fl-17"/>
      </object_component>
      <object_component id="oc-ef">
         <name>.debug_line</name>
         <load_address>0x1b70</load_address>
         <run_address>0x1b70</run_address>
         <size>0x56</size>
         <input_file_ref idref="fl-19"/>
      </object_component>
      <object_component id="oc-f3">
         <name>.debug_line</name>
         <load_address>0x1bc6</load_address>
         <run_address>0x1bc6</run_address>
         <size>0x4e</size>
         <input_file_ref idref="fl-1a"/>
      </object_component>
      <object_component id="oc-f9">
         <name>.debug_line</name>
         <load_address>0x1c14</load_address>
         <run_address>0x1c14</run_address>
         <size>0xe6</size>
         <input_file_ref idref="fl-1b"/>
      </object_component>
      <object_component id="oc-100">
         <name>.debug_line</name>
         <load_address>0x1cfa</load_address>
         <run_address>0x1cfa</run_address>
         <size>0x3d8</size>
         <input_file_ref idref="fl-1c"/>
      </object_component>
      <object_component id="oc-105">
         <name>.debug_line</name>
         <load_address>0x20d2</load_address>
         <run_address>0x20d2</run_address>
         <size>0x123</size>
         <input_file_ref idref="fl-1d"/>
      </object_component>
      <object_component id="oc-10a">
         <name>.debug_line</name>
         <load_address>0x21f5</load_address>
         <run_address>0x21f5</run_address>
         <size>0x91</size>
         <input_file_ref idref="fl-1e"/>
      </object_component>
      <object_component id="oc-10f">
         <name>.debug_line</name>
         <load_address>0x2286</load_address>
         <run_address>0x2286</run_address>
         <size>0xeb</size>
         <input_file_ref idref="fl-1f"/>
      </object_component>
      <object_component id="oc-114">
         <name>.debug_line</name>
         <load_address>0x2371</load_address>
         <run_address>0x2371</run_address>
         <size>0x24f</size>
         <input_file_ref idref="fl-20"/>
      </object_component>
      <object_component id="oc-11b">
         <name>.debug_line</name>
         <load_address>0x25c0</load_address>
         <run_address>0x25c0</run_address>
         <size>0x1f7</size>
         <input_file_ref idref="fl-21"/>
      </object_component>
      <object_component id="oc-122">
         <name>.debug_line</name>
         <load_address>0x27b7</load_address>
         <run_address>0x27b7</run_address>
         <size>0x84</size>
         <input_file_ref idref="fl-22"/>
      </object_component>
      <object_component id="oc-129">
         <name>.debug_line</name>
         <load_address>0x283b</load_address>
         <run_address>0x283b</run_address>
         <size>0x8b</size>
         <input_file_ref idref="fl-23"/>
      </object_component>
      <object_component id="oc-130">
         <name>.debug_line</name>
         <load_address>0x28c6</load_address>
         <run_address>0x28c6</run_address>
         <size>0x85</size>
         <input_file_ref idref="fl-24"/>
      </object_component>
      <object_component id="oc-137">
         <name>.debug_line</name>
         <load_address>0x294b</load_address>
         <run_address>0x294b</run_address>
         <size>0x10d</size>
         <input_file_ref idref="fl-25"/>
      </object_component>
      <object_component id="oc-13e">
         <name>.debug_line</name>
         <load_address>0x2a58</load_address>
         <run_address>0x2a58</run_address>
         <size>0x181</size>
         <input_file_ref idref="fl-26"/>
      </object_component>
      <object_component id="oc-144">
         <name>.debug_line</name>
         <load_address>0x2bd9</load_address>
         <run_address>0x2bd9</run_address>
         <size>0xfb</size>
         <input_file_ref idref="fl-27"/>
      </object_component>
      <object_component id="oc-14c">
         <name>.debug_line</name>
         <load_address>0x2cd4</load_address>
         <run_address>0x2cd4</run_address>
         <size>0x48c</size>
         <input_file_ref idref="fl-28"/>
      </object_component>
      <object_component id="oc-151">
         <name>.debug_line</name>
         <load_address>0x3160</load_address>
         <run_address>0x3160</run_address>
         <size>0x141</size>
         <input_file_ref idref="fl-29"/>
      </object_component>
      <object_component id="oc-156">
         <name>.debug_line</name>
         <load_address>0x32a1</load_address>
         <run_address>0x32a1</run_address>
         <size>0x4e</size>
         <input_file_ref idref="fl-2a"/>
      </object_component>
      <object_component id="oc-15c">
         <name>.debug_line</name>
         <load_address>0x32ef</load_address>
         <run_address>0x32ef</run_address>
         <size>0xab</size>
         <input_file_ref idref="fl-2b"/>
      </object_component>
      <object_component id="oc-161">
         <name>.debug_line</name>
         <load_address>0x339a</load_address>
         <run_address>0x339a</run_address>
         <size>0x296</size>
         <input_file_ref idref="fl-39"/>
      </object_component>
      <object_component id="oc-166">
         <name>.debug_line</name>
         <load_address>0x3630</load_address>
         <run_address>0x3630</run_address>
         <size>0x6e</size>
         <input_file_ref idref="fl-3a"/>
      </object_component>
      <object_component id="oc-16c">
         <name>.debug_line</name>
         <load_address>0x369e</load_address>
         <run_address>0x369e</run_address>
         <size>0x4e</size>
         <input_file_ref idref="fl-3b"/>
      </object_component>
      <object_component id="oc-170">
         <name>.debug_line</name>
         <load_address>0x36ec</load_address>
         <run_address>0x36ec</run_address>
         <size>0xaa</size>
         <input_file_ref idref="fl-3c"/>
      </object_component>
      <object_component id="oc-174">
         <name>.debug_line</name>
         <load_address>0x3796</load_address>
         <run_address>0x3796</run_address>
         <size>0x88</size>
         <input_file_ref idref="fl-3d"/>
      </object_component>
      <object_component id="oc-178">
         <name>.debug_line</name>
         <load_address>0x381e</load_address>
         <run_address>0x381e</run_address>
         <size>0x46</size>
         <input_file_ref idref="fl-3e"/>
      </object_component>
      <object_component id="oc-17c">
         <name>.debug_line</name>
         <load_address>0x3864</load_address>
         <run_address>0x3864</run_address>
         <size>0x43</size>
         <input_file_ref idref="fl-3f"/>
      </object_component>
      <object_component id="oc-180">
         <name>.debug_line</name>
         <load_address>0x38a7</load_address>
         <run_address>0x38a7</run_address>
         <size>0x38</size>
         <input_file_ref idref="fl-40"/>
      </object_component>
      <object_component id="oc-184">
         <name>.debug_line</name>
         <load_address>0x38df</load_address>
         <run_address>0x38df</run_address>
         <size>0x38</size>
         <input_file_ref idref="fl-41"/>
      </object_component>
      <object_component id="oc-188">
         <name>.debug_line</name>
         <load_address>0x3917</load_address>
         <run_address>0x3917</run_address>
         <size>0x39</size>
         <input_file_ref idref="fl-42"/>
      </object_component>
      <object_component id="oc-18c">
         <name>.debug_line</name>
         <load_address>0x3950</load_address>
         <run_address>0x3950</run_address>
         <size>0x37</size>
         <input_file_ref idref="fl-43"/>
      </object_component>
      <object_component id="oc-190">
         <name>.debug_line</name>
         <load_address>0x3987</load_address>
         <run_address>0x3987</run_address>
         <size>0x37</size>
         <input_file_ref idref="fl-44"/>
      </object_component>
      <object_component id="oc-196">
         <name>.debug_line</name>
         <load_address>0x39be</load_address>
         <run_address>0x39be</run_address>
         <size>0x58</size>
         <input_file_ref idref="fl-45"/>
      </object_component>
      <object_component id="oc-19a">
         <name>.debug_line</name>
         <load_address>0x3a16</load_address>
         <run_address>0x3a16</run_address>
         <size>0x3f</size>
         <input_file_ref idref="fl-46"/>
      </object_component>
      <object_component id="oc-19e">
         <name>.debug_line</name>
         <load_address>0x3a55</load_address>
         <run_address>0x3a55</run_address>
         <size>0x49</size>
         <input_file_ref idref="fl-47"/>
      </object_component>
      <object_component id="oc-1a8">
         <name>.debug_line</name>
         <load_address>0x3a9e</load_address>
         <run_address>0x3a9e</run_address>
         <size>0x47</size>
         <input_file_ref idref="fl-4a"/>
      </object_component>
      <object_component id="oc-50">
         <name>.debug_abbrev</name>
         <load_address>0x0</load_address>
         <run_address>0x0</run_address>
[...]
         <name>_ePWM1A_compare_isr</name>
         <value>0x33adc6</value>
         <object_component_ref idref="oc-119"/>
      </symbol>
      <symbol id="sm-408">
         <name>_GpsMessageReady</name>
         <value>0xd210</value>
         <object_component_ref idref="oc-118"/>
      </symbol>
      <symbol id="sm-409">
         <name>_spi_cs_isr</name>
         <value>0x33ad68</value>
         <object_component_ref idref="oc-119"/>
      </symbol>
      <symbol id="sm-41b">
         <name>_g_ITG_Initialized</name>
         <value>0xd202</value>
         <object_component_ref idref="oc-120"/>
      </symbol>
      <symbol id="sm-41c">
         <name>_itg_init</name>
         <value>0x33bf74</value>
         <object_component_ref idref="oc-11d"/>
      </symbol>
      <symbol id="sm-41d">
         <name>_itg_get_data</name>
         <value>0x33bfb3</value>
         <object_component_ref idref="oc-11d"/>
      </symbol>
      <symbol id="sm-42f">
         <name>_gHSC_Initialized</name>
         <value>0xd03d</value>
         <object_component_ref idref="oc-127"/>
      </symbol>
      <symbol id="sm-430">
         <name>_hsc_get_data</name>
         <value>0x33c091</value>
         <object_component_ref idref="oc-124"/>
      </symbol>
      <symbol id="sm-431">
         <name>_diff_pressure</name>
         <value>0xd03c</value>
         <object_component_ref idref="oc-127"/>
      </symbol>
      <symbol id="sm-432">
         <name>_hsc_init</name>
         <value>0x33c08f</value>
         <object_component_ref idref="oc-124"/>
      </symbol>
      <symbol id="sm-443">
         <name>_hmc_init</name>
         <value>0x33c04d</value>
         <object_component_ref idref="oc-12b"/>
      </symbol>
      <symbol id="sm-444">
         <name>_g_HMC_Initialized</name>
         <value>0xd21c</value>
         <object_component_ref idref="oc-12e"/>
      </symbol>
      <symbol id="sm-445">
         <name>_hmc_get_data</name>
         <value>0x33c084</value>
         <object_component_ref idref="oc-12b"/>
      </symbol>
      <symbol id="sm-470">
         <name>_UT</name>
         <value>0xccdf</value>
         <object_component_ref idref="oc-135"/>
      </symbol>
      <symbol id="sm-471">
         <name>_UP</name>
         <value>0xccdc</value>
         <object_component_ref idref="oc-135"/>
      </symbol>
      <symbol id="sm-472">
         <name>_bmp_init</name>
         <value>0x33b1e4</value>
         <object_component_ref idref="oc-132"/>
      </symbol>
      <symbol id="sm-473">
         <name>_oversampling_setting</name>
         <value>0xcce0</value>
         <object_component_ref idref="oc-135"/>
      </symbol>
      <symbol id="sm-474">
         <name>_MD</name>
         <value>0xccda</value>
         <object_component_ref idref="oc-135"/>
      </symbol>
      <symbol id="sm-475">
         <name>_MC</name>
         <value>0xccdb</value>
         <object_component_ref idref="oc-135"/>
      </symbol>
      <symbol id="sm-476">
         <name>_MB</name>
         <value>0xccd0</value>
         <object_component_ref idref="oc-135"/>
      </symbol>
      <symbol id="sm-477">
         <name>_B2</name>
         <value>0xccd1</value>
         <object_component_ref idref="oc-135"/>
      </symbol>
      <symbol id="sm-478">
         <name>_B1</name>
         <value>0xccce</value>
         <object_component_ref idref="oc-135"/>
      </symbol>
      <symbol id="sm-479">
         <name>_bmp_up_request</name>
         <value>0x33b23f</value>
         <object_component_ref idref="oc-132"/>
      </symbol>
      <symbol id="sm-47a">
         <name>_bmp_data_buffer</name>
         <value>0xccf6</value>
         <object_component_ref idref="oc-135"/>
      </symbol>
      <symbol id="sm-47b">
         <name>_temperature</name>
         <value>0xccdd</value>
         <object_component_ref idref="oc-135"/>
      </symbol>
      <symbol id="sm-47c">
         <name>_bmp_pressure_get_data</name>
         <value>0x33b2a8</value>
         <object_component_ref idref="oc-132"/>
      </symbol>
      <symbol id="sm-47d">
         <name>_AC6</name>
         <value>0xcccf</value>
         <object_component_ref idref="oc-135"/>
      </symbol>
      <symbol id="sm-47e">
         <name>_AC5</name>
         <value>0xccd4</value>
         <object_component_ref idref="oc-135"/>
      </symbol>
      <symbol id="sm-47f">
         <name>_AC4</name>
         <value>0xccd5</value>
         <object_component_ref idref="oc-135"/>
      </symbol>
      <symbol id="sm-480">
         <name>_AC3</name>
         <value>0xccd2</value>
         <object_component_ref idref="oc-135"/>
      </symbol>
      <symbol id="sm-481">
         <name>_AC2</name>
         <value>0xccd3</value>
         <object_component_ref idref="oc-135"/>
      </symbol>
      <symbol id="sm-482">
         <name>_AC1</name>
         <value>0xccde</value>
         <object_component_ref idref="oc-135"/>
      </symbol>
      <symbol id="sm-483">
         <name>_bmp_temp_get_data</name>
         <value>0x33b269</value>
         <object_component_ref idref="oc-132"/>
      </symbol>
      <symbol id="sm-484">
         <name>_bmp_ut_request</name>
         <value>0x33b22f</value>
         <object_component_ref idref="oc-132"/>
      </symbol>
      <symbol id="sm-485">
         <name>_pressure</name>
         <value>0xccfc</value>
         <object_component_ref idref="oc-135"/>
      </symbol>
      <symbol id="sm-4bd">
         <name>_g_ADXL_Tested</name>
         <value>0xcd01</value>
         <object_component_ref idref="oc-13c"/>
      </symbol>
      <symbol id="sm-4be">
         <name>_g_ADXL_Initialized</name>
         <value>0xcd06</value>
         <object_component_ref idref="oc-13c"/>
      </symbol>
      <symbol id="sm-4bf">
         <name>_adxl_self_test</name>
         <value>0x33aeb4</value>
         <object_component_ref idref="oc-139"/>
      </symbol>
      <symbol id="sm-4c0">
         <name>_adxl_init</name>
         <value>0x33ae58</value>
         <object_component_ref idref="oc-139"/>
      </symbol>
      <symbol id="sm-4c1">
         <name>_adxl_get_data</name>
         <value>0x33b02c</value>
         <object_component_ref idref="oc-139"/>
      </symbol>
      <symbol id="sm-4d9">
         <name>_g_i2cBytesToTransmit</name>
         <value>0xd1cc</value>
         <object_component_ref idref="oc-142"/>
      </symbol>
      <symbol id="sm-4da">
         <name>_i2c_get_data</name>
         <value>0x33b68d</value>
         <object_component_ref idref="oc-140"/>
      </symbol>
      <symbol id="sm-4db">
         <name>_g_i2cCurrentSlaveAddress</name>
         <value>0xd1d2</value>
         <object_component_ref idref="oc-142"/>
      </symbol>
      <symbol id="sm-4dc">
         <name>_g_i2cDirection</name>
         <value>0xd1cd</value>
         <object_component_ref idref="oc-142"/>
      </symbol>
      <symbol id="sm-4dd">
         <name>_g_i2cBusError</name>
         <value>0xd1ce</value>
         <object_component_ref idref="oc-142"/>
      </symbol>
      <symbol id="sm-4de">
         <name>_i2c_status_flag</name>
         <value>0xd1d6</value>
         <object_component_ref idref="oc-142"/>
      </symbol>
      <symbol id="sm-4df">
         <name>_g_i2cRxBuf</name>
         <value>0xd1e8</value>
         <object_component_ref idref="oc-142"/>
      </symbol>
      <symbol id="sm-4e0">
         <name>_g_i2cRxPtr</name>
         <value>0xd1d0</value>
         <object_component_ref idref="oc-142"/>
      </symbol>
      <symbol id="sm-4e1">
         <name>_g_i2cBytesToReceive</name>
         <value>0xd1ca</value>
         <object_component_ref idref="oc-142"/>
      </symbol>
      <symbol id="sm-4e2">
         <name>_g_i2cBusy</name>
         <value>0xd1d3</value>
         <object_component_ref idref="oc-142"/>
      </symbol>
      <symbol id="sm-4e3">
         <name>_i2cBatchRead</name>
         <value>0x33b64d</value>
         <object_component_ref idref="oc-140"/>
      </symbol>
      <symbol id="sm-4e4">
         <name>_g_i2cTxBuf</name>
         <value>0xd1d8</value>
         <object_component_ref idref="oc-142"/>
      </symbol>
      <symbol id="sm-4e5">
         <name>_i2cBatchWrite</name>
         <value>0x33b622</value>
         <object_component_ref idref="oc-140"/>
      </symbol>
      <symbol id="sm-4e6">
         <name>_i2c_init_sensors</name>
         <value>0x33b70d</value>
         <object_component_ref idref="oc-140"/>
      </symbol>
      <symbol id="sm-4e7">
         <name>_g_i2cTxPtr</name>
         <value>0xd1c9</value>
         <object_component_ref idref="oc-142"/>
      </symbol>
      <symbol id="sm-4e8">
         <name>_g_i2cReadPrelude</name>
         <value>0xd1c8</value>
         <object_component_ref idref="oc-142"/>
      </symbol>
      <symbol id="sm-551">
         <name>_gps_in_flag</name>
         <value>0xd040</value>
         <object_component_ref idref="oc-149"/>
      </symbol>
      <symbol id="sm-552">
         <name>_CvtStF</name>
         <value>0x33a68c</value>
         <object_component_ref idref="oc-146"/>
      </symbol>
      <symbol id="sm-553">
         <name>_gps_in_index</name>
         <value>0xd041</value>
         <object_component_ref idref="oc-149"/>
      </symbol>
      <symbol id="sm-554">
         <name>_translate_msg</name>
         <value>0x33a422</value>
         <object_component_ref idref="oc-146"/>
      </symbol>
      <symbol id="sm-555">
         <name>_gps_in</name>
         <value>0xd100</value>
         <object_component_ref idref="oc-149"/>
      </symbol>
      <symbol id="sm-556">
         <name>_translate_GGA</name>
         <value>0x33a4ad</value>
         <object_component_ref idref="oc-146"/>
      </symbol>
      <symbol id="sm-557">
         <name>_gps_speed</name>
         <value>0xd04c</value>
         <object_component_ref idref="oc-149"/>
      </symbol>
      <symbol id="sm-558">
         <name>_get_line</name>
         <value>0x33a3d2</value>
         <object_component_ref idref="oc-146"/>
      </symbol>
      <symbol id="sm-559">
         <name>_translate_GLL</name>
         <value>0x33a65c</value>
         <object_component_ref idref="oc-146"/>
      </symbol>
      <symbol id="sm-55a">
         <name>_gps_heading</name>
         <value>0xd04a</value>
         <object_component_ref idref="oc-149"/>
      </symbol>
      <symbol id="sm-55b">
         <name>_translate_ZDA</name>
         <value>0x33a66b</value>
         <object_component_ref idref="oc-146"/>
      </symbol>
      <symbol id="sm-55c">
         <name>_translate_RMC</name>
         <value>0x33a666</value>
         <object_component_ref idref="oc-146"/>
      </symbol>
      <symbol id="sm-55d">
         <name>_print_serial_gps</name>
         <value>0x33a675</value>
         <object_component_ref idref="oc-146"/>
      </symbol>
      <symbol id="sm-55e">
         <name>_get_NMEA_type</name>
         <value>0x33a469</value>
         <object_component_ref idref="oc-146"/>
      </symbol>
      <symbol id="sm-55f">
         <name>_Init_GPS</name>
         <value>0x33a3d1</value>
         <object_component_ref idref="oc-146"/>
      </symbol>
      <symbol id="sm-560">
         <name>_translate_GSA</name>
         <value>0x33a670</value>
         <object_component_ref idref="oc-146"/>
      </symbol>
      <symbol id="sm-561">
         <name>_translate_GSV</name>
         <value>0x33a661</value>
         <object_component_ref idref="oc-146"/>
      </symbol>
      <symbol id="sm-562">
         <name>_strcpy_len</name>
         <value>0x33a679</value>
         <object_component_ref idref="oc-146"/>
      </symbol>
      <symbol id="sm-563">
         <name>_line</name>
         <value>0xd080</value>
         <object_component_ref idref="oc-149"/>
      </symbol>
      <symbol id="sm-564">
         <name>_translate_VTG</name>
         <value>0x33a5e6</value>
         <object_component_ref idref="oc-146"/>
      </symbol>
      <symbol id="sm-565">
         <name>_Process_GPS</name>
         <value>0x33a3a9</value>
         <object_component_ref idref="oc-146"/>
      </symbol>
      <symbol id="sm-566">
         <name>_gps_data</name>
         <value>0xd04e</value>
         <object_component_ref idref="oc-149"/>
      </symbol>
      <symbol id="sm-567">
         <name>_str_split</name>
         <value>0x33a6f4</value>
         <object_component_ref idref="oc-146"/>
      </symbol>
      <symbol id="sm-575">
         <name>_lpf_butterworth_init</name>
         <value>0x339cd9</value>
         <object_component_ref idref="oc-14e"/>
      </symbol>
      <symbol id="sm-576">
         <name>_ekf_init</name>
         <value>0x339a25</value>
         <object_component_ref idref="oc-14e"/>
      </symbol>
      <symbol id="sm-577">
         <name>_ekf_estimate_states</name>
         <value>0x339fa7</value>
         <object_component_ref idref="oc-14e"/>
      </symbol>
      <symbol id="sm-578">
         <name>_lpf_butterworth</name>
         <value>0x339d45</value>
         <object_component_ref idref="oc-14e"/>
      </symbol>
      <symbol id="sm-582">
         <name>_apply_sensors_scale_factor</name>
         <value>0x33c289</value>
         <object_component_ref idref="oc-153"/>
      </symbol>
      <symbol id="sm-58e">
         <name>_SciTxQtd</name>
         <value>0xd209</value>
         <object_component_ref idref="oc-15a"/>
      </symbol>
      <symbol id="sm-58f">
         <name>_SciTxStatus</name>
         <value>0xd208</value>
         <object_component_ref idref="oc-15a"/>
      </symbol>
      <symbol id="sm-590">
         <name>_SpiTxQtd</name>
         <value>0xd20b</value>
         <object_component_ref idref="oc-15a"/>
      </symbol>
      <symbol id="sm-591">
         <name>_scia_init</name>
         <value>0x33bda8</value>
         <object_component_ref idref="oc-158"/>
      </symbol>
      <symbol id="sm-592">
         <name>_SpiTxStatus</name>
         <value>0xd20a</value>
         <object_component_ref idref="oc-15a"/>
      </symbol>
      <symbol id="sm-593">
         <name>_i2ca_init</name>
         <value>0x33bdfb</value>
         <object_component_ref idref="oc-158"/>
      </symbol>
      <symbol id="sm-594">
         <name>_SCI_TX_Message</name>
         <value>0xd20c</value>
         <object_component_ref idref="oc-15a"/>
      </symbol>
      <symbol id="sm-595">
         <name>_spia_init</name>
         <value>0x33bdbd</value>
         <object_component_ref idref="oc-158"/>
      </symbol>
      <symbol id="sm-5a5">
         <name>_H_Matrix</name>
         <value>0x339262</value>
         <object_component_ref idref="oc-15e"/>
      </symbol>
      <symbol id="sm-5a6">
         <name>_Correction</name>
         <value>0x338b49</value>
         <object_component_ref idref="oc-15e"/>
      </symbol>
      <symbol id="sm-5b2">
         <name>__stack</name>
         <value>0xe000</value>
         <object_component_ref idref="oc-163"/>
      </symbol>
      <symbol id="sm-5b3">
         <name>_c_int00</name>
         <value>0x33c007</value>
         <object_component_ref idref="oc-4c"/>
      </symbol>
      <symbol id="sm-5c1">
         <name>__dtors_ptr</name>
         <value>0xd21a</value>
         <object_component_ref idref="oc-16b"/>
      </symbol>
      <symbol id="sm-5c2">
         <name>C$$EXIT</name>
         <value>0x33c1f7</value>
         <object_component_ref idref="oc-168"/>
      </symbol>
      <symbol id="sm-5c3">
         <name>_abort</name>
         <value>0x33c1f7</value>
         <object_component_ref idref="oc-168"/>
      </symbol>
      <symbol id="sm-5c4">
         <name>_exit</name>
         <value>0x33c1f9</value>
         <object_component_ref idref="oc-168"/>
      </symbol>
      <symbol id="sm-5c5">
         <name>__cleanup_ptr</name>
         <value>0xd218</value>
         <object_component_ref idref="oc-16b"/>
      </symbol>
      <symbol id="sm-5cd">
         <name>FS$$DIV</name>
         <value>0x33bb47</value>
         <object_component_ref idref="oc-16e"/>
      </symbol>
      <symbol id="sm-5d5">
         <name>L$$DIV</name>
         <value>0x33c129</value>
         <object_component_ref idref="oc-172"/>
      </symbol>
      <symbol id="sm-5d6">
         <name>UL$$MOD</name>
         <value>0x33c14d</value>
         <object_component_ref idref="oc-172"/>
      </symbol>
      <symbol id="sm-5d7">
         <name>UL$$DIV</name>
         <value>0x33c146</value>
         <object_component_ref idref="oc-172"/>
      </symbol>
      <symbol id="sm-5d8">
         <name>L$$MOD</name>
         <value>0x33c138</value>
         <object_component_ref idref="oc-172"/>
      </symbol>
      <symbol id="sm-5e2">
         <name>___memcpy_ff</name>
         <value>0x33c17b</value>
         <object_component_ref idref="oc-176"/>
      </symbol>
      <symbol id="sm-5ec">
         <name>_sqrt</name>
         <value>0x33c1bc</value>
         <object_component_ref idref="oc-17a"/>
      </symbol>
      <symbol id="sm-5f8">
         <name>_asin</name>
         <value>0x33bc50</value>
         <object_component_ref idref="oc-17e"/>
      </symbol>
      <symbol id="sm-604">
         <name>_atan</name>
         <value>0x33bd39</value>
         <object_component_ref idref="oc-182"/>
      </symbol>
      <symbol id="sm-610">
         <name>_atan2</name>
         <value>0x33baa0</value>
         <object_component_ref idref="oc-186"/>
      </symbol>
      <symbol id="sm-61a">
         <name>_cos</name>
         <value>0x33be08</value>
         <object_component_ref idref="oc-18a"/>
      </symbol>
      <symbol id="sm-624">
         <name>_sin</name>
         <value>0x33bec2</value>
         <object_component_ref idref="oc-18e"/>
      </symbol>
      <symbol id="sm-632">
         <name>__lock</name>
         <value>0xd216</value>
         <object_component_ref idref="oc-195"/>
      </symbol>
      <symbol id="sm-633">
         <name>__register_unlock</name>
         <value>0x33c271</value>
         <object_component_ref idref="oc-192"/>
      </symbol>
      <symbol id="sm-634">
         <name>__nop</name>
         <value>0x33c279</value>
         <object_component_ref idref="oc-192"/>
      </symbol>
      <symbol id="sm-635">
         <name>__register_lock</name>
         <value>0x33c275</value>
         <object_component_ref idref="oc-192"/>
      </symbol>
      <symbol id="sm-636">
         <name>__unlock</name>
         <value>0xd214</value>
         <object_component_ref idref="oc-195"/>
      </symbol>
      <symbol id="sm-640">
         <name>__args_main</name>
         <value>0x33c1dc</value>
         <object_component_ref idref="oc-198"/>
      </symbol>
      <symbol id="sm-64a">
         <name>_atoi</name>
         <value>0x33c0ce</value>
         <object_component_ref idref="oc-19c"/>
      </symbol>
      <symbol id="sm-652">
         <name>__ctypes_</name>
         <value>0x33c292</value>
         <object_component_ref idref="oc-1ad"/>
      </symbol>
      <symbol id="sm-65c">
         <name>_errno</name>
         <value>0xd213</value>
         <object_component_ref idref="oc-1a4"/>
      </symbol>
      <symbol id="sm-666">
         <name>_strcmp</name>
         <value>0x33c267</value>
         <object_component_ref idref="oc-1a6"/>
      </symbol>
   </symbol_table>
   <title>Link successful</title>
</link_info>
